 <<< Combine >>> 
>>> including systematics
>>> using the Profile Likelihood test statistics modified for upper limits (Q_LHC)
>>> method used is HybridNew
>>> Used OpenSSL to get a really random seed -1298684419
Computing results starting from observation (a-posteriori)

 -- Hybrid New -- 
CLs = 0.159884 +/- 0.0225032
Done in 14.86 min (cpu), 15.68 min (real)
