 <<< Combine >>> 
>>> including systematics
>>> using the Profile Likelihood test statistics modified for upper limits (Q_LHC)
>>> method used is HybridNew
>>> Used OpenSSL to get a really random seed 1277054378
Computing results starting from observation (a-posteriori)

 -- Hybrid New -- 
CLs = 0.292453 +/- 0.0253246
Done in 10.40 min (cpu), 10.46 min (real)
