 <<< Combine >>> 
>>> including systematics
>>> using the Profile Likelihood test statistics modified for upper limits (Q_LHC)
>>> method used is HybridNew
>>> Used OpenSSL to get a really random seed 1788051756
Computing results starting from observation (a-posteriori)

 -- Hybrid New -- 
CLs = 0 +/- 0
Done in 12.40 min (cpu), 12.45 min (real)
