 <<< Combine >>> 
>>> including systematics
>>> using the Profile Likelihood test statistics modified for upper limits (Q_LHC)
>>> method used is HybridNew
>>> Used OpenSSL to get a really random seed -1669630798
Computing results starting from observation (a-posteriori)

 -- Hybrid New -- 
CLs = 0 +/- 0
Done in 19.23 min (cpu), 19.39 min (real)
