 <<< Combine >>> 
>>> including systematics
>>> using the Profile Likelihood test statistics not modified for upper limits (Q_Profile)
>>> method used is HybridNew
>>> Used OpenSSL to get a really random seed 647025115
Computing results starting from observation (a-posteriori)

 -- Hybrid New -- 
CLsplusb = 0.148 +/- 0.0158806
Done in 11.41 min (cpu), 11.43 min (real)
