 <<< Combine >>> 
>>> including systematics
>>> using the Profile Likelihood test statistics not modified for upper limits (Q_Profile)
>>> method used is HybridNew
>>> Used OpenSSL to get a really random seed 1196639458
Computing results starting from observation (a-posteriori)

 -- Hybrid New -- 
CLsplusb = 0.302 +/- 0.0205327
Done in 12.82 min (cpu), 12.85 min (real)
