 <<< Combine >>> 
>>> including systematics
>>> using the Profile Likelihood test statistics modified for upper limits (Q_LHC)
>>> method used is HybridNew
>>> Used OpenSSL to get a really random seed 1006231464
Computing results starting from observation (a-posteriori)

 -- Hybrid New -- 
CLs = 0.419192 +/- 0.0328072
Done in 7.26 min (cpu), 7.27 min (real)
