 <<< Combine >>> 
>>> including systematics
>>> using the Profile Likelihood test statistics modified for upper limits (Q_LHC)
>>> method used is HybridNew
>>> Used OpenSSL to get a really random seed -751525941
Computing results starting from observation (a-posteriori)

 -- Hybrid New -- 
CLs = 0.0645161 +/- 0.0132877
Done in 10.49 min (cpu), 10.51 min (real)
