 <<< Combine >>> 
>>> including systematics
>>> using the Profile Likelihood test statistics modified for upper limits (Q_LHC)
>>> method used is HybridNew
>>> Used OpenSSL to get a really random seed 673506816
Computing results starting from observation (a-posteriori)

 -- Hybrid New -- 
CLs = 0.01 +/- 0.005
Done in 17.97 min (cpu), 18.15 min (real)
