 <<< Combine >>> 
>>> including systematics
>>> using the Profile Likelihood test statistics not modified for upper limits (Q_Profile)
>>> method used is HybridNew
>>> Used OpenSSL to get a really random seed -1298536478
Computing results starting from observation (a-posteriori)

 -- Hybrid New -- 
CLsplusb = 0.832 +/- 0.0167198
Done in 13.23 min (cpu), 13.28 min (real)
