 <<< Combine >>> 
>>> including systematics
>>> using the Profile Likelihood test statistics modified for upper limits (Q_LHC)
>>> method used is HybridNew
>>> Used OpenSSL to get a really random seed 2141667646
Computing results starting from observation (a-posteriori)

 -- Hybrid New -- 
CLs = 0.234091 +/- 0.0219592
Done in 15.59 min (cpu), 16.04 min (real)
