 <<< Combine >>> 
>>> including systematics
>>> using the Profile Likelihood test statistics modified for upper limits (Q_LHC)
>>> method used is HybridNew
>>> Used OpenSSL to get a really random seed -42535484
Computing results starting from observation (a-posteriori)

 -- Hybrid New -- 
CLs = 0.279817 +/- 0.0240236
Done in 17.28 min (cpu), 17.48 min (real)
