 <<< Combine >>> 
>>> including systematics
>>> using the Profile Likelihood test statistics modified for upper limits (Q_LHC)
>>> method used is HybridNew
>>> Used OpenSSL to get a really random seed -1914520292
Computing results starting from observation (a-posteriori)

 -- Hybrid New -- 
CLs = 0.25 +/- 0.0245049
Done in 17.94 min (cpu), 18.00 min (real)
