 <<< Combine >>> 
>>> including systematics
>>> using the Profile Likelihood test statistics not modified for upper limits (Q_Profile)
>>> method used is HybridNew
>>> Used OpenSSL to get a really random seed -2139194764
Computing results starting from observation (a-posteriori)

 -- Hybrid New -- 
CLsplusb = 0.034 +/- 0.00810481
Done in 7.11 min (cpu), 7.14 min (real)
