 <<< Combine >>> 
>>> including systematics
>>> using the Profile Likelihood test statistics modified for upper limits (Q_LHC)
>>> method used is HybridNew
>>> Used OpenSSL to get a really random seed 1565740128
Computing results starting from observation (a-posteriori)
[#0] WARNING:Minization -- RooMinimizerFcn: Minimized function has error status.
Returning maximum FCN so far (607.409) to force MIGRAD to back out of this region. Error log follows
Parameter values: JER_ele=-0.492704, JER_muon=-1.09361, JES_ele=-0.114889, JES_muon=-1.05725, QCD_stat_ele=-0.717151, QCD_stat_muon=-1.1059, VBS_stat_ele=-1.07843, VBS_stat_muon=0.142863, ele_efficiency=0.32704, ele_trigger=0.390955, fakephoton_ele=3.83963, fakephoton_muon=-2.87452, interference=1.17525, lumi=-0.785738, mu_efficiency=1.17416, mu_trigger=0.0425918, non_prompt_stat_ele=6.94324, non_prompt_stat_muon=-1.34868, others_stat_ele=-2.50254, others_stat_muon=1.53917, others_xs=-2.68278, param=7.92097, pdf_ele=0.799646, pdf_muon=-0.55299, photon_id=-1.07249, pileup=1.50452, scale_ele=-1.67587, scale_muon=0.842247
RooProdPdf::model_s[ modelObs_s * nuisancePdf ]
     getLogVal() top-level p.d.f evaluates to zero @ !pdfs=(modelObs_s = 0/1,nuisancePdf = 1)

[#0] WARNING:Minization -- RooMinimizerFcn: Minimized function has error status.
Returning maximum FCN so far (607.409) to force MIGRAD to back out of this region. Error log follows
Parameter values: JER_ele=-0.648313, JER_muon=-1.09997, JES_ele=-0.340144, JES_muon=-1.06739, QCD_stat_ele=-1.59387, QCD_stat_muon=-1.13159, VBS_stat_ele=-1.28154, VBS_stat_muon=0.185198, ele_efficiency=0.28218, ele_trigger=0.200986, fakephoton_ele=3.35148, fakephoton_muon=-2.90996, interference=1.17196, lumi=-0.887086, mu_efficiency=1.18869, mu_trigger=0.0506154, non_prompt_stat_ele=6.91789, non_prompt_stat_muon=-1.38305, others_stat_ele=-2.7966, others_stat_muon=1.57632, others_xs=-2.82575, param=8.19154, pdf_ele=0.48023, pdf_muon=-0.544787, photon_id=-1.37028, pileup=1.51131, scale_ele=-2.38236, scale_muon=0.925658
RooProdPdf::model_s[ modelObs_s * nuisancePdf ]
     getLogVal() top-level p.d.f evaluates to zero @ !pdfs=(modelObs_s = 0/1,nuisancePdf = 1)


 -- Hybrid New -- 
CLs = 0.00854701 +/- 0.00426107
Done in 12.63 min (cpu), 12.64 min (real)
