 <<< Combine >>> 
>>> including systematics
>>> using the Profile Likelihood test statistics modified for upper limits (Q_LHC)
>>> method used is HybridNew
>>> Used OpenSSL to get a really random seed -670203411
Computing results starting from observation (a-posteriori)

 -- Hybrid New -- 
CLs = 0.0138889 +/- 0.00622853
Done in 14.30 min (cpu), 14.31 min (real)
