 <<< Combine >>> 
>>> including systematics
>>> using the Profile Likelihood test statistics modified for upper limits (Q_LHC)
>>> method used is HybridNew
>>> Used OpenSSL to get a really random seed -1164442232
Computing results starting from observation (a-posteriori)

 -- Hybrid New -- 
CLs = 0.0240964 +/- 0.00858887
Done in 15.72 min (cpu), 15.77 min (real)
