 <<< Combine >>> 
>>> including systematics
>>> using the Profile Likelihood test statistics not modified for upper limits (Q_Profile)
>>> method used is HybridNew
>>> Used OpenSSL to get a really random seed -1718501546
Computing results starting from observation (a-posteriori)
[#0] WARNING:Minization -- RooMinimizerFcn: Minimized function has error status.
Returning maximum FCN so far (870.65) to force MIGRAD to back out of this region. Error log follows
Parameter values: JER_ele=1.03373, JER_muon=-5.31782, JES_ele=0.693525, JES_muon=6.75955, QCD_stat_ele=-6.94892, QCD_stat_muon=6.99325, VBS_stat_ele=-6.50953, VBS_stat_muon=6.99609, ele_efficiency=6.31518, ele_trigger=4.41563, fakephoton_ele=6.99134, fakephoton_muon=0.161437, interference=-6.99984, lumi=-6.91747, mu_efficiency=4.94516, mu_trigger=3.33154, non_prompt_stat_ele=6.92844, non_prompt_stat_muon=1.57808, others_stat_ele=6.56438, others_stat_muon=6.55788, others_xs=6.92286, param=-1.73885, pdf_ele=-6.89437, pdf_muon=-2.9875, photon_id=6.99654, pileup=1.01413, scale_ele=6.35988, scale_muon=-2.88768
RooProdPdf::model_s[ modelObs_s * nuisancePdf ]
     getLogVal() top-level p.d.f evaluates to zero @ !pdfs=(modelObs_s = 0/1,nuisancePdf = 1)

[#0] WARNING:Minization -- RooMinimizerFcn: Minimized function has error status.
Returning maximum FCN so far (870.65) to force MIGRAD to back out of this region. Error log follows
Parameter values: JER_ele=4.66371, JER_muon=6.67867, JES_ele=5.46642, JES_muon=3.7631, QCD_stat_ele=6.99691, QCD_stat_muon=3.56948, VBS_stat_ele=-2.28887, VBS_stat_muon=-6.82364, ele_efficiency=4.16262, ele_trigger=4.45641, fakephoton_ele=2.17174, fakephoton_muon=-0.342986, interference=6.98071, lumi=6.99956, mu_efficiency=2.21548, mu_trigger=5.19897, non_prompt_stat_ele=3.04123, non_prompt_stat_muon=-0.0166959, others_stat_ele=3.00431, others_stat_muon=1.71747, others_xs=2.59569, param=-4.45134, pdf_ele=6.9863, pdf_muon=6.61215, photon_id=3.9713, pileup=-0.261382, scale_ele=6.06464, scale_muon=6.14047
RooProdPdf::model_s[ modelObs_s * nuisancePdf ]
     getLogVal() top-level p.d.f evaluates to zero @ !pdfs=(modelObs_s = 0/1,nuisancePdf = 1)


 -- Hybrid New -- 
CLsplusb = 0.216 +/- 0.0184035
Done in 14.15 min (cpu), 14.20 min (real)
