 <<< Combine >>> 
>>> including systematics
>>> using the Profile Likelihood test statistics not modified for upper limits (Q_Profile)
>>> method used is HybridNew
>>> Used OpenSSL to get a really random seed 851537726
Computing results starting from observation (a-posteriori)

 -- Hybrid New -- 
CLsplusb = 0.006 +/- 0.00345369
Done in 16.18 min (cpu), 16.36 min (real)
