 <<< Combine >>> 
>>> including systematics
>>> using the Profile Likelihood test statistics not modified for upper limits (Q_Profile)
>>> method used is HybridNew
>>> Used OpenSSL to get a really random seed 1762917887
Computing results starting from observation (a-posteriori)

 -- Hybrid New -- 
CLsplusb = 0.018 +/- 0.00594575
Done in 8.39 min (cpu), 8.40 min (real)
