 <<< Combine >>> 
>>> including systematics
>>> using the Profile Likelihood test statistics modified for upper limits (Q_LHC)
>>> method used is HybridNew
>>> Used OpenSSL to get a really random seed 1317605174
Computing results starting from observation (a-posteriori)

 -- Hybrid New -- 
CLs = 0.350877 +/- 0.0248651
Done in 15.57 min (cpu), 15.66 min (real)
