 <<< Combine >>> 
>>> including systematics
>>> using the Profile Likelihood test statistics modified for upper limits (Q_LHC)
>>> method used is HybridNew
>>> Used OpenSSL to get a really random seed -1880007252
Computing results starting from observation (a-posteriori)

 -- Hybrid New -- 
CLs = 0.274272 +/- 0.0253732
Done in 18.73 min (cpu), 18.77 min (real)
