 <<< Combine >>> 
>>> including systematics
>>> using the Profile Likelihood test statistics modified for upper limits (Q_LHC)
>>> method used is HybridNew
>>> Used OpenSSL to get a really random seed -867426840
Computing results starting from observation (a-posteriori)

 -- Hybrid New -- 
CLs = 0.013587 +/- 0.00608947
Done in 9.32 min (cpu), 9.34 min (real)
