 <<< Combine >>> 
>>> including systematics
>>> using the Profile Likelihood test statistics not modified for upper limits (Q_Profile)
>>> method used is HybridNew
>>> Used OpenSSL to get a really random seed 2093620761
Computing results starting from observation (a-posteriori)
[#0] WARNING:Minization -- RooMinimizerFcn: Minimized function has error status.
Returning maximum FCN so far (723.667) to force MIGRAD to back out of this region. Error log follows
Parameter values: JER_ele=2.45944, JER_muon=2.35287, JES_ele=4.647, JES_muon=0.504367, QCD_stat_ele=5.86901, QCD_stat_muon=6.70691, VBS_stat_ele=-0.607305, VBS_stat_muon=1.69524, ele_efficiency=1.33106, ele_trigger=2.88593, fakephoton_ele=5.7695, fakephoton_muon=-2.01232, interference=0.309526, lumi=0.929745, mu_efficiency=0.0402081, mu_trigger=1.94649, non_prompt_stat_ele=2.79762, non_prompt_stat_muon=1.50703, others_stat_ele=6.12329, others_stat_muon=2.01338, others_xs=5.87612, param=-0.635784, pdf_ele=2.88533, pdf_muon=2.52104, photon_id=5.2841, pileup=-0.836957, scale_ele=6.61659, scale_muon=4.97919
RooProdPdf::model_s[ modelObs_s * nuisancePdf ]
     getLogVal() top-level p.d.f evaluates to zero @ !pdfs=(modelObs_s = 0/1,nuisancePdf = 1)

[#0] WARNING:Minization -- RooMinimizerFcn: Minimized function has error status.
Returning maximum FCN so far (723.667) to force MIGRAD to back out of this region. Error log follows
Parameter values: JER_ele=2.69087, JER_muon=3.43365, JES_ele=1.91069, JES_muon=3.07531, QCD_stat_ele=6.65088, QCD_stat_muon=6.76845, VBS_stat_ele=2.33447, VBS_stat_muon=4.20298, ele_efficiency=0.982566, ele_trigger=1.17468, fakephoton_ele=2.78626, fakephoton_muon=0.033565, interference=1.4709, lumi=1.50578, mu_efficiency=0.483851, mu_trigger=3.83946, non_prompt_stat_ele=1.2177, non_prompt_stat_muon=5.03024, others_stat_ele=4.07088, others_stat_muon=4.37055, others_xs=4.93679, param=-1.02575, pdf_ele=0.937006, pdf_muon=5.35196, photon_id=5.50074, pileup=-0.831021, scale_ele=3.4008, scale_muon=6.61087
RooProdPdf::model_s[ modelObs_s * nuisancePdf ]
     getLogVal() top-level p.d.f evaluates to zero @ !pdfs=(modelObs_s = 0/1,nuisancePdf = 1)

[#0] WARNING:Minization -- RooMinimizerFcn: Minimized function has error status.
Returning maximum FCN so far (723.667) to force MIGRAD to back out of this region. Error log follows
Parameter values: JER_ele=3.07522, JER_muon=4.43327, JES_ele=3.30564, JES_muon=4.91897, QCD_stat_ele=6.99928, QCD_stat_muon=5.63117, VBS_stat_ele=2.59013, VBS_stat_muon=5.34344, ele_efficiency=1.19641, ele_trigger=2.20456, fakephoton_ele=4.51167, fakephoton_muon=0.859399, interference=2.50804, lumi=2.87694, mu_efficiency=0.947797, mu_trigger=5.12374, non_prompt_stat_ele=3.12823, non_prompt_stat_muon=6.08447, others_stat_ele=5.2262, others_stat_muon=5.96532, others_xs=6.08848, param=-0.53504, pdf_ele=2.51183, pdf_muon=6.72172, photon_id=6.98023, pileup=-0.62919, scale_ele=6.31378, scale_muon=2.43583
RooProdPdf::model_s[ modelObs_s * nuisancePdf ]
     getLogVal() top-level p.d.f evaluates to zero @ !pdfs=(modelObs_s = 0/1,nuisancePdf = 1)

[#0] WARNING:Minization -- RooMinimizerFcn: Minimized function has error status.
Returning maximum FCN so far (723.667) to force MIGRAD to back out of this region. Error log follows
Parameter values: JER_ele=6.69171, JER_muon=-5.36744, JES_ele=1.72595, JES_muon=-4.97922, QCD_stat_ele=-6.77781, QCD_stat_muon=6.14456, VBS_stat_ele=2.10378, VBS_stat_muon=-5.25604, ele_efficiency=-0.504035, ele_trigger=-6.44798, fakephoton_ele=6.9737, fakephoton_muon=-3.17575, interference=-6.49467, lumi=-6.41418, mu_efficiency=-4.01376, mu_trigger=-6.19808, non_prompt_stat_ele=6.1824, non_prompt_stat_muon=6.87304, others_stat_ele=0.785679, others_stat_muon=-4.74292, others_xs=-6.94602, param=10.4308, pdf_ele=-0.480571, pdf_muon=-5.14202, photon_id=5.19137, pileup=-4.74054, scale_ele=6.50486, scale_muon=5.00551
RooProdPdf::model_s[ modelObs_s * nuisancePdf ]
     getLogVal() top-level p.d.f evaluates to zero @ !pdfs=(modelObs_s = 0/1,nuisancePdf = 1)

[#0] WARNING:Minization -- RooMinimizerFcn: Minimized function has error status.
Returning maximum FCN so far (948.052) to force MIGRAD to back out of this region. Error log follows
Parameter values: JER_ele=3.66397, JER_muon=5.7188, JES_ele=4.91636, JES_muon=6.74625, QCD_stat_ele=5.97933, QCD_stat_muon=-3.01803, VBS_stat_ele=3.15712, VBS_stat_muon=6.5844, ele_efficiency=1.48533, ele_trigger=3.53674, fakephoton_ele=6.22098, fakephoton_muon=2.19548, interference=4.00871, lumi=4.70192, mu_efficiency=1.67545, mu_trigger=6.53822, non_prompt_stat_ele=5.3374, non_prompt_stat_muon=6.97883, others_stat_ele=6.45301, others_stat_muon=6.99639, others_xs=6.95448, param=11.711, pdf_ele=4.47297, pdf_muon=6.47656, photon_id=4.74014, pileup=-0.328365, scale_ele=6.50164, scale_muon=-6.12894
RooProdPdf::model_s[ modelObs_s * nuisancePdf ]
     getLogVal() top-level p.d.f evaluates to zero @ !pdfs=(modelObs_s = 0/1,nuisancePdf = 1)

[#0] WARNING:Minization -- RooMinimizerFcn: Minimized function has error status.
Returning maximum FCN so far (948.052) to force MIGRAD to back out of this region. Error log follows
Parameter values: JER_ele=4.03037, JER_muon=5.34393, JES_ele=3.58096, JES_muon=6.2778, QCD_stat_ele=4.80107, QCD_stat_muon=2.6255, VBS_stat_ele=4.15241, VBS_stat_muon=6.32153, ele_efficiency=1.40164, ele_trigger=2.65007, fakephoton_ele=4.85347, fakephoton_muon=1.94135, interference=3.44852, lumi=3.88984, mu_efficiency=1.36142, mu_trigger=6.22927, non_prompt_stat_ele=3.96164, non_prompt_stat_muon=6.9976, others_stat_ele=6.36769, others_stat_muon=6.81738, others_xs=6.72773, param=9.94979, pdf_ele=3.24908, pdf_muon=6.88869, photon_id=6.42677, pileup=-0.631983, scale_ele=6.44641, scale_muon=-4.36998
RooProdPdf::model_s[ modelObs_s * nuisancePdf ]
     getLogVal() top-level p.d.f evaluates to zero @ !pdfs=(modelObs_s = 0/1,nuisancePdf = 1)

[#0] WARNING:Minization -- RooMinimizerFcn: Minimized function has error status.
Returning maximum FCN so far (948.052) to force MIGRAD to back out of this region. Error log follows
Parameter values: JER_ele=4.13604, JER_muon=5.64368, JES_ele=4.36288, JES_muon=6.61386, QCD_stat_ele=4.2759, QCD_stat_muon=-0.2996, VBS_stat_ele=4.09216, VBS_stat_muon=6.55196, ele_efficiency=1.51891, ele_trigger=3.2185, fakephoton_ele=5.69752, fakephoton_muon=2.16866, interference=3.82279, lumi=4.42041, mu_efficiency=1.54589, mu_trigger=6.49026, non_prompt_stat_ele=4.86977, non_prompt_stat_muon=6.99793, others_stat_ele=6.62981, others_stat_muon=6.9713, others_xs=6.91872, param=10.1571, pdf_ele=4.04456, pdf_muon=6.60759, photon_id=5.43258, pileup=-0.522342, scale_ele=6.99997, scale_muon=-5.8695
RooProdPdf::model_s[ modelObs_s * nuisancePdf ]
     getLogVal() top-level p.d.f evaluates to zero @ !pdfs=(modelObs_s = 0/1,nuisancePdf = 1)

[#0] WARNING:Minization -- RooMinimizerFcn: Minimized function has error status.
Returning maximum FCN so far (948.052) to force MIGRAD to back out of this region. Error log follows
Parameter values: JER_ele=4.22579, JER_muon=5.68165, JES_ele=4.28943, JES_muon=6.7133, QCD_stat_ele=3.57804, QCD_stat_muon=-0.511214, VBS_stat_ele=4.34564, VBS_stat_muon=6.58472, ele_efficiency=1.50598, ele_trigger=3.22893, fakephoton_ele=5.61458, fakephoton_muon=2.40018, interference=3.93079, lumi=4.53436, mu_efficiency=1.60523, mu_trigger=6.55875, non_prompt_stat_ele=4.91925, non_prompt_stat_muon=6.9662, others_stat_ele=6.71274, others_stat_muon=6.98731, others_xs=6.92895, param=10.3694, pdf_ele=4.11621, pdf_muon=6.48311, photon_id=5.21389, pileup=-0.484366, scale_ele=6.99483, scale_muon=-6.30087
RooProdPdf::model_s[ modelObs_s * nuisancePdf ]
     getLogVal() top-level p.d.f evaluates to zero @ !pdfs=(modelObs_s = 0/1,nuisancePdf = 1)

[#0] WARNING:Minization -- RooMinimizerFcn: Minimized function has error status.
Returning maximum FCN so far (948.052) to force MIGRAD to back out of this region. Error log follows
Parameter values: JER_ele=4.26393, JER_muon=5.72601, JES_ele=4.40025, JES_muon=6.68248, QCD_stat_ele=3.65717, QCD_stat_muon=-0.609743, VBS_stat_ele=4.27867, VBS_stat_muon=6.61665, ele_efficiency=1.55264, ele_trigger=3.2728, fakephoton_ele=5.73805, fakephoton_muon=2.26195, interference=3.90471, lumi=4.50788, mu_efficiency=1.58154, mu_trigger=6.56401, non_prompt_stat_ele=4.9536, non_prompt_stat_muon=6.97846, others_stat_ele=6.71584, others_stat_muon=6.98879, others_xs=6.94678, param=9.93176, pdf_ele=4.12045, pdf_muon=6.49281, photon_id=5.20628, pileup=-0.536134, scale_ele=6.99999, scale_muon=-6.2396
RooProdPdf::model_s[ modelObs_s * nuisancePdf ]
     getLogVal() top-level p.d.f evaluates to zero @ !pdfs=(modelObs_s = 0/1,nuisancePdf = 1)

[#0] WARNING:Minization -- RooMinimizerFcn: Minimized function has error status.
Returning maximum FCN so far (948.052) to force MIGRAD to back out of this region. Error log follows
Parameter values: JER_ele=4.50177, JER_muon=5.87475, JES_ele=4.58026, JES_muon=6.82238, QCD_stat_ele=2.21083, QCD_stat_muon=-1.52764, VBS_stat_ele=4.63022, VBS_stat_muon=6.71884, ele_efficiency=1.61844, ele_trigger=3.476, fakephoton_ele=5.91552, fakephoton_muon=2.50516, interference=4.10284, lumi=4.7519, mu_efficiency=1.67764, mu_trigger=6.69764, non_prompt_stat_ele=5.26674, non_prompt_stat_muon=6.88147, others_stat_ele=6.87885, others_stat_muon=6.99902, others_xs=6.98847, param=9.66552, pdf_ele=4.42143, pdf_muon=6.19658, photon_id=4.53467, pileup=-0.516609, scale_ele=6.97705, scale_muon=-6.79901
RooProdPdf::model_s[ modelObs_s * nuisancePdf ]
     getLogVal() top-level p.d.f evaluates to zero @ !pdfs=(modelObs_s = 0/1,nuisancePdf = 1)

[#0] WARNING:Minization -- RooMinimizerFcn: Minimized function has error status.
Returning maximum FCN so far (948.052) to force MIGRAD to back out of this region. Error log follows
Parameter values: JER_ele=3.78298, JER_muon=5.39765, JES_ele=4.14694, JES_muon=6.52599, QCD_stat_ele=5.35987, QCD_stat_muon=0.331031, VBS_stat_ele=3.7325, VBS_stat_muon=6.31946, ele_efficiency=1.37865, ele_trigger=3.05505, fakephoton_ele=5.44579, fakephoton_muon=2.19432, interference=3.69373, lumi=4.29067, mu_efficiency=1.51549, mu_trigger=6.31794, non_prompt_stat_ele=4.66743, non_prompt_stat_muon=6.98647, others_stat_ele=6.40694, others_stat_muon=6.91496, others_xs=6.80273, param=9.40029, pdf_ele=3.89971, pdf_muon=6.78419, photon_id=5.83322, pileup=-0.406436, scale_ele=6.98952, scale_muon=-5.10944
RooProdPdf::model_s[ modelObs_s * nuisancePdf ]
     getLogVal() top-level p.d.f evaluates to zero @ !pdfs=(modelObs_s = 0/1,nuisancePdf = 1)

[#0] WARNING:Minization -- RooMinimizerFcn: Minimized function has error status.
Returning maximum FCN so far (948.052) to force MIGRAD to back out of this region. Error log follows
Parameter values: JER_ele=3.96196, JER_muon=5.30835, JES_ele=3.69359, JES_muon=6.18438, QCD_stat_ele=5.19848, QCD_stat_muon=2.64461, VBS_stat_ele=3.92923, VBS_stat_muon=6.2568, ele_efficiency=1.41572, ele_trigger=2.68149, fakephoton_ele=4.99195, fakephoton_muon=1.78529, interference=3.36359, lumi=3.81813, mu_efficiency=1.32385, mu_trigger=6.16765, non_prompt_stat_ele=3.99912, non_prompt_stat_muon=6.97706, others_stat_ele=6.30519, others_stat_muon=6.78696, others_xs=6.72228, param=8.77222, pdf_ele=3.25388, pdf_muon=6.92841, photon_id=6.48827, pileup=-0.648295, scale_ele=6.58838, scale_muon=-3.90285
RooProdPdf::model_s[ modelObs_s * nuisancePdf ]
     getLogVal() top-level p.d.f evaluates to zero @ !pdfs=(modelObs_s = 0/1,nuisancePdf = 1)

[#0] WARNING:Minization -- RooMinimizerFcn: Minimized function has error status.
Returning maximum FCN so far (948.052) to force MIGRAD to back out of this region. Error log follows
Parameter values: JER_ele=3.82495, JER_muon=5.2276, JES_ele=3.91872, JES_muon=6.17681, QCD_stat_ele=5.53988, QCD_stat_muon=2.28993, VBS_stat_ele=3.71223, VBS_stat_muon=6.16415, ele_efficiency=1.3942, ele_trigger=2.83948, fakephoton_ele=5.21899, fakephoton_muon=1.77872, interference=3.37055, lumi=3.89778, mu_efficiency=1.33907, mu_trigger=6.09902, non_prompt_stat_ele=4.26854, non_prompt_stat_muon=6.92891, others_stat_ele=6.29803, others_stat_muon=6.76737, others_xs=6.71398, param=8.39451, pdf_ele=3.5093, pdf_muon=6.95043, photon_id=6.417, pileup=-0.55533, scale_ele=6.85692, scale_muon=-3.56852
RooProdPdf::model_s[ modelObs_s * nuisancePdf ]
     getLogVal() top-level p.d.f evaluates to zero @ !pdfs=(modelObs_s = 0/1,nuisancePdf = 1)

[#0] WARNING:Minization -- RooMinimizerFcn: Minimized function has error status.
Returning maximum FCN so far (948.052) to force MIGRAD to back out of this region. Error log follows
Parameter values: JER_ele=4.29894, JER_muon=5.49316, JES_ele=4.02873, JES_muon=6.3372, QCD_stat_ele=3.79233, QCD_stat_muon=1.95647, VBS_stat_ele=4.31829, VBS_stat_muon=6.41366, ele_efficiency=1.53958, ele_trigger=2.97156, fakephoton_ele=5.37108, fakephoton_muon=1.87162, interference=3.51865, lumi=4.04642, mu_efficiency=1.37854, mu_trigger=6.33285, non_prompt_stat_ele=4.45849, non_prompt_stat_muon=6.99999, others_stat_ele=6.62775, others_stat_muon=6.88159, others_xs=6.86058, param=7.16516, pdf_ele=3.64383, pdf_muon=6.82546, photon_id=6.09858, pileup=-0.684551, scale_ele=6.83313, scale_muon=-4.86433
RooProdPdf::model_s[ modelObs_s * nuisancePdf ]
     getLogVal() top-level p.d.f evaluates to zero @ !pdfs=(modelObs_s = 0/1,nuisancePdf = 1)

[#0] WARNING:Minization -- RooMinimizerFcn: Minimized function has error status.
Returning maximum FCN so far (948.052) to force MIGRAD to back out of this region. Error log follows
Parameter values: JER_ele=4.13684, JER_muon=5.68806, JES_ele=4.84141, JES_muon=6.811, QCD_stat_ele=3.61708, QCD_stat_muon=-2.10904, VBS_stat_ele=4.12679, VBS_stat_muon=6.54256, ele_efficiency=1.52556, ele_trigger=3.66423, fakephoton_ele=6.12445, fakephoton_muon=2.53724, interference=4.08499, lumi=4.84147, mu_efficiency=1.70566, mu_trigger=6.58564, non_prompt_stat_ele=5.56282, non_prompt_stat_muon=6.98967, others_stat_ele=6.81734, others_stat_muon=6.99912, others_xs=6.96865, param=7.50248, pdf_ele=4.74424, pdf_muon=6.38715, photon_id=4.43588, pileup=-0.307299, scale_ele=6.67617, scale_muon=-6.51271
RooProdPdf::model_s[ modelObs_s * nuisancePdf ]
     getLogVal() top-level p.d.f evaluates to zero @ !pdfs=(modelObs_s = 0/1,nuisancePdf = 1)

[#0] WARNING:Minization -- RooMinimizerFcn: Minimized function has error status.
Returning maximum FCN so far (948.052) to force MIGRAD to back out of this region. Error log follows
Parameter values: JER_ele=4.87699, JER_muon=5.92858, JES_ele=3.83148, JES_muon=6.65864, QCD_stat_ele=0.800186, QCD_stat_muon=1.12104, VBS_stat_ele=5.15189, VBS_stat_muon=6.77731, ele_efficiency=1.68998, ele_trigger=2.91248, fakephoton_ele=5.21423, fakephoton_muon=2.23566, interference=3.83905, lumi=4.27488, mu_efficiency=1.49689, mu_trigger=6.69642, non_prompt_stat_ele=4.36302, non_prompt_stat_muon=6.71501, others_stat_ele=6.86473, others_stat_muon=6.99624, others_xs=6.97164, param=7.15474, pdf_ele=3.52428, pdf_muon=6.32472, photon_id=5.53003, pileup=-0.87382, scale_ele=6.40169, scale_muon=-6.65298
RooProdPdf::model_s[ modelObs_s * nuisancePdf ]
     getLogVal() top-level p.d.f evaluates to zero @ !pdfs=(modelObs_s = 0/1,nuisancePdf = 1)

[#0] WARNING:Minization -- RooMinimizerFcn: Minimized function has error status.
Returning maximum FCN so far (948.052) to force MIGRAD to back out of this region. Error log follows
Parameter values: JER_ele=2.28599, JER_muon=4.21562, JES_ele=4.03923, JES_muon=5.4541, QCD_stat_ele=6.56661, QCD_stat_muon=3.18991, VBS_stat_ele=1.48984, VBS_stat_muon=4.93407, ele_efficiency=1.01275, ele_trigger=2.75633, fakephoton_ele=5.23683, fakephoton_muon=1.29897, interference=2.82596, lumi=3.47631, mu_efficiency=1.18583, mu_trigger=5.05596, non_prompt_stat_ele=4.17535, non_prompt_stat_muon=5.5758, others_stat_ele=5.00955, others_stat_muon=6.1107, others_xs=6.07835, param=7.20566, pdf_ele=3.5061, pdf_muon=6.78406, photon_id=6.93558, pileup=-0.133327, scale_ele=6.97928, scale_muon=1.90537
RooProdPdf::model_s[ modelObs_s * nuisancePdf ]
     getLogVal() top-level p.d.f evaluates to zero @ !pdfs=(modelObs_s = 0/1,nuisancePdf = 1)

[#0] WARNING:Minization -- RooMinimizerFcn: Minimized function has error status.
Returning maximum FCN so far (948.052) to force MIGRAD to back out of this region. Error log follows
Parameter values: JER_ele=4.26289, JER_muon=4.69346, JES_ele=2.00646, JES_muon=4.51523, QCD_stat_ele=4.92709, QCD_stat_muon=6.99471, VBS_stat_ele=4.44097, VBS_stat_muon=5.697, ele_efficiency=1.40249, ele_trigger=1.44525, fakephoton_ele=3.07212, fakephoton_muon=0.693439, interference=2.20059, lumi=2.19943, mu_efficiency=0.716764, mu_trigger=5.35741, non_prompt_stat_ele=1.70394, non_prompt_stat_muon=6.84672, others_stat_ele=5.86732, others_stat_muon=5.82315, others_xs=6.10985, param=4.92817, pdf_ele=1.22868, pdf_muon=6.75774, photon_id=6.71143, pileup=-1.21536, scale_ele=2.25993, scale_muon=1.84015
RooProdPdf::model_s[ modelObs_s * nuisancePdf ]
     getLogVal() top-level p.d.f evaluates to zero @ !pdfs=(modelObs_s = 0/1,nuisancePdf = 1)

[#0] WARNING:Minization -- RooMinimizerFcn: Minimized function has error status.
Returning maximum FCN so far (948.052) to force MIGRAD to back out of this region. Error log follows
Parameter values: JER_ele=2.10728, JER_muon=3.58766, JES_ele=3.57176, JES_muon=4.10219, QCD_stat_ele=5.81101, QCD_stat_muon=6.15696, VBS_stat_ele=1.10655, VBS_stat_muon=4.18764, ele_efficiency=0.974062, ele_trigger=2.29517, fakephoton_ele=4.72474, fakephoton_muon=0.404725, interference=2.05099, lumi=2.5492, mu_efficiency=0.808676, mu_trigger=4.12591, non_prompt_stat_ele=3.29518, non_prompt_stat_muon=4.3998, others_stat_ele=4.33544, others_stat_muon=5.09814, others_xs=5.51296, param=5.81879, pdf_ele=2.7023, pdf_muon=5.90408, photon_id=6.76976, pileup=-0.349256, scale_ele=6.88718, scale_muon=5.79213
RooProdPdf::model_s[ modelObs_s * nuisancePdf ]
     getLogVal() top-level p.d.f evaluates to zero @ !pdfs=(modelObs_s = 0/1,nuisancePdf = 1)

[#0] WARNING:Minization -- RooMinimizerFcn: Minimized function has error status.
Returning maximum FCN so far (948.052) to force MIGRAD to back out of this region. Error log follows
Parameter values: JER_ele=3.42388, JER_muon=3.74997, JES_ele=1.4808, JES_muon=3.29631, QCD_stat_ele=6.85544, QCD_stat_muon=6.49347, VBS_stat_ele=3.45988, VBS_stat_muon=4.59967, ele_efficiency=1.11755, ele_trigger=1.00805, fakephoton_ele=2.3175, fakephoton_muon=0.22714, interference=1.5367, lumi=1.47073, mu_efficiency=0.471699, mu_trigger=4.25481, non_prompt_stat_ele=0.944612, non_prompt_stat_muon=5.96764, others_stat_ele=4.82691, others_stat_muon=4.63865, others_xs=5.16351, param=5.31323, pdf_ele=0.684883, pdf_muon=5.7558, photon_id=5.59108, pileup=-1.0541, scale_ele=1.55735, scale_muon=5.9079
RooProdPdf::model_s[ modelObs_s * nuisancePdf ]
     getLogVal() top-level p.d.f evaluates to zero @ !pdfs=(modelObs_s = 0/1,nuisancePdf = 1)

[#0] WARNING:Minization -- RooMinimizerFcn: Minimized function has error status.
Returning maximum FCN so far (948.052) to force MIGRAD to back out of this region. Error log follows
Parameter values: JER_ele=2.86354, JER_muon=3.55322, JES_ele=2.21702, JES_muon=3.22, QCD_stat_ele=6.87199, QCD_stat_muon=6.89755, VBS_stat_ele=2.42118, VBS_stat_muon=4.27887, ele_efficiency=1.05642, ele_trigger=1.39426, fakephoton_ele=3.19117, fakephoton_muon=0.0471266, interference=1.5426, lumi=1.64722, mu_efficiency=0.510829, mu_trigger=3.97436, non_prompt_stat_ele=1.62273, non_prompt_stat_muon=5.14025, others_stat_ele=4.42424, others_stat_muon=4.53486, others_xs=5.16039, param=3.19582, pdf_ele=1.24586, pdf_muon=5.50795, photon_id=5.81891, pileup=-0.841491, scale_ele=4.08464, scale_muon=6.41641
RooProdPdf::model_s[ modelObs_s * nuisancePdf ]
     getLogVal() top-level p.d.f evaluates to zero @ !pdfs=(modelObs_s = 0/1,nuisancePdf = 1)

[#0] WARNING:Minization -- RooMinimizerFcn: Minimized function has error status.
Returning maximum FCN so far (948.052) to force MIGRAD to back out of this region. Error log follows
Parameter values: JER_ele=3.19593, JER_muon=3.91516, JES_ele=2.5845, JES_muon=3.7838, QCD_stat_ele=6.99208, QCD_stat_muon=6.99501, VBS_stat_ele=2.8188, VBS_stat_muon=4.70487, ele_efficiency=1.16754, ele_trigger=1.69531, fakephoton_ele=3.66794, fakephoton_muon=0.274888, interference=1.84032, lumi=2.03186, mu_efficiency=0.629657, mu_trigger=4.43758, non_prompt_stat_ele=2.17246, non_prompt_stat_muon=5.66871, others_stat_ele=5.00119, others_stat_muon=5.06666, others_xs=5.60091, param=1.78885, pdf_ele=1.68192, pdf_muon=6.03911, photon_id=6.40841, pileup=-0.850351, scale_ele=4.78216, scale_muon=5.32918
RooProdPdf::model_s[ modelObs_s * nuisancePdf ]
     getLogVal() top-level p.d.f evaluates to zero @ !pdfs=(modelObs_s = 0/1,nuisancePdf = 1)

[#0] WARNING:Minization -- RooMinimizerFcn: Minimized function has error status.
Returning maximum FCN so far (948.052) to force MIGRAD to back out of this region. Error log follows
Parameter values: JER_ele=3.23961, JER_muon=4.30821, JES_ele=3.28671, JES_muon=5.04686, QCD_stat_ele=6.78858, QCD_stat_muon=5.80864, VBS_stat_ele=3.04922, VBS_stat_muon=5.15654, ele_efficiency=1.17611, ele_trigger=2.32498, fakephoton_ele=4.46901, fakephoton_muon=1.12812, interference=2.55636, lumi=3.00875, mu_efficiency=0.981317, mu_trigger=5.10062, non_prompt_stat_ele=3.43668, non_prompt_stat_muon=6.23452, others_stat_ele=5.60486, others_stat_muon=5.91277, others_xs=6.04074, param=1.61783, pdf_ele=2.82794, pdf_muon=6.72824, photon_id=6.99605, pileup=-0.539492, scale_ele=6.33343, scale_muon=2.18157
RooProdPdf::model_s[ modelObs_s * nuisancePdf ]
     getLogVal() top-level p.d.f evaluates to zero @ !pdfs=(modelObs_s = 0/1,nuisancePdf = 1)

[#0] WARNING:Minization -- RooMinimizerFcn: Minimized function has error status.
Returning maximum FCN so far (948.052) to force MIGRAD to back out of this region. Error log follows
Parameter values: JER_ele=4.31544, JER_muon=5.02468, JES_ele=2.44888, JES_muon=4.36967, QCD_stat_ele=5.7698, QCD_stat_muon=6.87344, VBS_stat_ele=3.9285, VBS_stat_muon=5.96917, ele_efficiency=1.56371, ele_trigger=1.52368, fakephoton_ele=3.67377, fakephoton_muon=0.116854, interference=2.13926, lumi=2.0603, mu_efficiency=0.669386, mu_trigger=5.52376, non_prompt_stat_ele=1.59876, non_prompt_stat_muon=6.78876, others_stat_ele=5.69193, others_stat_muon=6.01123, others_xs=6.434, param=1.33784, pdf_ele=0.969835, pdf_muon=6.81407, photon_id=6.74923, pileup=-1.43857, scale_ele=3.05007, scale_muon=1.57058
RooProdPdf::model_s[ modelObs_s * nuisancePdf ]
     getLogVal() top-level p.d.f evaluates to zero @ !pdfs=(modelObs_s = 0/1,nuisancePdf = 1)

[#0] WARNING:Minization -- RooMinimizerFcn: Minimized function has error status.
Returning maximum FCN so far (41.9675) to force MIGRAD to back out of this region. Error log follows
Parameter values: JER_ele=-5.36112, JER_muon=-4.06416, JES_ele=0.659911, JES_muon=-2.42818, QCD_stat_ele=-2.88504, QCD_stat_muon=3.36713, VBS_stat_ele=-5.42969, VBS_stat_muon=-5.14485, ele_efficiency=-3.75146, ele_trigger=3.90907, fakephoton_ele=3.73314, fakephoton_muon=-0.354236, interference=5.87289, lumi=-5.89685, mu_efficiency=-6.97322, mu_trigger=6.917, non_prompt_stat_ele=5.66869, non_prompt_stat_muon=-5.37968, others_stat_ele=6.5862, others_stat_muon=-4.69138, others_xs=-0.591527, param=9.78966, pdf_ele=0.730215, pdf_muon=6.90015, photon_id=3.80296, pileup=0.306331, scale_ele=-4.37221, scale_muon=-0.189724
RooProdPdf::model_s[ modelObs_s * nuisancePdf ]
     getLogVal() top-level p.d.f evaluates to zero @ !pdfs=(modelObs_s = 0/1,nuisancePdf = 1)

[#0] WARNING:Minization -- RooMinimizerFcn: Minimized function has error status.
Returning maximum FCN so far (39.3681) to force MIGRAD to back out of this region. Error log follows
Parameter values: JER_ele=-0.0220852, JER_muon=1.55049, JES_ele=-1.71939, JES_muon=0.914465, QCD_stat_ele=0.880204, QCD_stat_muon=1.65585, VBS_stat_ele=0.0742122, VBS_stat_muon=-0.472864, ele_efficiency=0.580671, ele_trigger=1.27921, fakephoton_ele=3.40738, fakephoton_muon=-0.774447, interference=0.136008, lumi=0.528898, mu_efficiency=0.532014, mu_trigger=0.765876, non_prompt_stat_ele=6.80817, non_prompt_stat_muon=-0.66038, others_stat_ele=2.96171, others_stat_muon=0.481823, others_xs=1.55151, param=9.54195, pdf_ele=0.774784, pdf_muon=0.900272, photon_id=-0.31718, pileup=-2.03266, scale_ele=2.20963, scale_muon=0.725663
RooProdPdf::model_s[ modelObs_s * nuisancePdf ]
     getLogVal() top-level p.d.f evaluates to zero @ !pdfs=(modelObs_s = 0/1,nuisancePdf = 1)

[#0] WARNING:Minization -- RooMinimizerFcn: Minimized function has error status.
Returning maximum FCN so far (695.435) to force MIGRAD to back out of this region. Error log follows
Parameter values: JER_ele=5.86032, JER_muon=-0.209993, JES_ele=-6.86911, JES_muon=-6.89534, QCD_stat_ele=5.41544, QCD_stat_muon=4.23326, VBS_stat_ele=6.85024, VBS_stat_muon=-5.86816, ele_efficiency=-1.41572, ele_trigger=6.73344, fakephoton_ele=6.78231, fakephoton_muon=1.89739, interference=-4.60403, lumi=-6.35018, mu_efficiency=-5.82801, mu_trigger=6.34011, non_prompt_stat_ele=5.88876, non_prompt_stat_muon=-5.8162, others_stat_ele=6.20086, others_stat_muon=-5.0056, others_xs=-6.49446, param=-1.76773, pdf_ele=-1.755, pdf_muon=-4.02598, photon_id=6.337, pileup=-3.97905, scale_ele=-6.7378, scale_muon=6.96917
RooProdPdf::model_s[ modelObs_s * nuisancePdf ]
     getLogVal() top-level p.d.f evaluates to zero @ !pdfs=(modelObs_s = 0/1,nuisancePdf = 1)

[#0] WARNING:Minization -- RooMinimizerFcn: Minimized function has error status.
Returning maximum FCN so far (695.435) to force MIGRAD to back out of this region. Error log follows
Parameter values: JER_ele=1.15249, JER_muon=-6.80972, JES_ele=-1.16098, JES_muon=0.18072, QCD_stat_ele=-4.22403, QCD_stat_muon=-3.00046, VBS_stat_ele=-6.96108, VBS_stat_muon=-6.77939, ele_efficiency=-0.717318, ele_trigger=1.76872, fakephoton_ele=5.13017, fakephoton_muon=-3.56015, interference=-5.42711, lumi=-5.67916, mu_efficiency=-0.664824, mu_trigger=-6.6401, non_prompt_stat_ele=5.16068, non_prompt_stat_muon=-5.21755, others_stat_ele=6.01498, others_stat_muon=-6.66301, others_xs=-5.66873, param=-5.27783, pdf_ele=-0.335241, pdf_muon=-2.38106, photon_id=-3.47892, pileup=-1.02353, scale_ele=6.54466, scale_muon=-6.90497
RooProdPdf::model_s[ modelObs_s * nuisancePdf ]
     getLogVal() top-level p.d.f evaluates to zero @ !pdfs=(modelObs_s = 0/1,nuisancePdf = 1)

[#0] WARNING:Minization -- RooMinimizerFcn: Minimized function has error status.
Returning maximum FCN so far (695.435) to force MIGRAD to back out of this region. Error log follows
Parameter values: JER_ele=5.52016, JER_muon=-5.54015, JES_ele=3.92032, JES_muon=-2.17595, QCD_stat_ele=6.62749, QCD_stat_muon=-1.11818, VBS_stat_ele=-0.662426, VBS_stat_muon=-6.61198, ele_efficiency=0.564439, ele_trigger=6.47136, fakephoton_ele=1.70524, fakephoton_muon=6.72967, interference=6.75781, lumi=6.70931, mu_efficiency=6.97335, mu_trigger=-4.5997, non_prompt_stat_ele=6.19161, non_prompt_stat_muon=-6.18023, others_stat_ele=-6.11669, others_stat_muon=-0.252002, others_xs=-1.86332, param=14.8435, pdf_ele=6.63277, pdf_muon=6.84641, photon_id=6.03736, pileup=1.67608, scale_ele=-6.59548, scale_muon=-3.55222
RooProdPdf::model_s[ modelObs_s * nuisancePdf ]
     getLogVal() top-level p.d.f evaluates to zero @ !pdfs=(modelObs_s = 0/1,nuisancePdf = 1)


 -- Hybrid New -- 
CLsplusb = 0.43 +/- 0.0221405
Done in 7.63 min (cpu), 7.67 min (real)
