 <<< Combine >>> 
>>> including systematics
>>> using the Profile Likelihood test statistics not modified for upper limits (Q_Profile)
>>> method used is HybridNew
>>> Used OpenSSL to get a really random seed 674395199
Computing results starting from observation (a-posteriori)

 -- Hybrid New -- 
CLsplusb = 0.22 +/- 0.0185257
Done in 15.66 min (cpu), 15.82 min (real)
