 <<< Combine >>> 
>>> including systematics
>>> using the Profile Likelihood test statistics modified for upper limits (Q_LHC)
>>> method used is HybridNew
>>> Used OpenSSL to get a really random seed -2136076423
Computing results starting from observation (a-posteriori)
[#0] WARNING:Minization -- RooMinimizerFcn: Minimized function has error status.
Returning maximum FCN so far (646.012) to force MIGRAD to back out of this region. Error log follows
Parameter values: JER_16=2.53136, JES_16=6.68727, QCDZA_pdf=-0.30078, QCDZA_scale=4.20535, QCD_stat_ele_16_bin_1=0.652941, QCD_stat_ele_16_bin_2=0.149205, QCD_stat_ele_16_bin_3=0.611672, QCD_stat_ele_16_bin_4=0.0885147, QCD_stat_ele_16_bin_5=0.659583, QCD_stat_muon_16_bin_1=2.72457, QCD_stat_muon_16_bin_2=2.07083, QCD_stat_muon_16_bin_3=-0.296201, QCD_stat_muon_16_bin_4=-1.00218, QCD_stat_muon_16_bin_5=-0.205888, VBS_stat_ele_16_bin_1=0.359828, VBS_stat_ele_16_bin_2=-0.620947, VBS_stat_ele_16_bin_3=0.112879, VBS_stat_ele_16_bin_4=1.2272, VBS_stat_ele_16_bin_5=0.0797794, VBS_stat_muon_16_bin_1=-0.768449, VBS_stat_muon_16_bin_2=-0.376104, VBS_stat_muon_16_bin_3=1.32268, VBS_stat_muon_16_bin_4=0.428984, VBS_stat_muon_16_bin_5=1.70303, ele16_efficiency=0.212852, ele16_trigger=0.630163, fake_ele_16=1.4131, fake_muon_16=5.476, interference=0.566125, l1prefiring=-1.7522, lumi=0.935298, mu16_efficiency=-0.0419874, mu16_trigger=-0.778371, non_prompt_stat_ele_16_bin_1=-0.204827, non_prompt_stat_ele_16_bin_2=1.14288, non_prompt_stat_muon_16_bin_1=0.982671, non_prompt_stat_muon_16_bin_2=1.58864, others_stat_ele_16_bin_1=0.592294, others_stat_ele_16_bin_2=1.16422, others_stat_ele_16_bin_3=-0.360612, others_stat_muon_16_bin_1=0.552117, others_xs=2.13312, param=2.39606, photon_id_16=0.575838, pileup=-1.17513, signal_pdf=-0.514318, signal_scale=0.10991
RooProdPdf::model_s[ modelObs_s * nuisancePdf ]
     getLogVal() top-level p.d.f evaluates to zero @ !pdfs=(modelObs_s = 0/1,nuisancePdf = 1)

[#0] WARNING:Minization -- RooMinimizerFcn: Minimized function has error status.
Returning maximum FCN so far (646.012) to force MIGRAD to back out of this region. Error log follows
Parameter values: JER_16=4.68578, JES_16=4.36253, QCDZA_pdf=0.0233877, QCDZA_scale=6.31181, QCD_stat_ele_16_bin_1=1.46142, QCD_stat_ele_16_bin_2=0.420412, QCD_stat_ele_16_bin_3=0.578043, QCD_stat_ele_16_bin_4=0.13434, QCD_stat_ele_16_bin_5=0.776208, QCD_stat_muon_16_bin_1=4.30274, QCD_stat_muon_16_bin_2=2.93398, QCD_stat_muon_16_bin_3=-0.0487382, QCD_stat_muon_16_bin_4=-0.912418, QCD_stat_muon_16_bin_5=-0.0244514, VBS_stat_ele_16_bin_1=0.486151, VBS_stat_ele_16_bin_2=-0.53473, VBS_stat_ele_16_bin_3=0.240142, VBS_stat_ele_16_bin_4=1.27249, VBS_stat_ele_16_bin_5=0.126512, VBS_stat_muon_16_bin_1=-0.591275, VBS_stat_muon_16_bin_2=-0.2427, VBS_stat_muon_16_bin_3=1.34561, VBS_stat_muon_16_bin_4=0.462883, VBS_stat_muon_16_bin_5=1.81891, ele16_efficiency=0.523628, ele16_trigger=0.905375, fake_ele_16=2.97304, fake_muon_16=6.99259, interference=0.684524, l1prefiring=-1.36873, lumi=2.00906, mu16_efficiency=0.109585, mu16_trigger=-0.204022, non_prompt_stat_ele_16_bin_1=-0.085067, non_prompt_stat_ele_16_bin_2=1.31541, non_prompt_stat_muon_16_bin_1=1.64807, non_prompt_stat_muon_16_bin_2=1.97287, others_stat_ele_16_bin_1=0.767029, others_stat_ele_16_bin_2=1.30576, others_stat_ele_16_bin_3=-0.325426, others_stat_muon_16_bin_1=0.813939, others_xs=2.25419, param=2.55476, photon_id_16=1.84706, pileup=-1.14583, signal_pdf=-0.380678, signal_scale=0.514606
RooProdPdf::model_s[ modelObs_s * nuisancePdf ]
     getLogVal() top-level p.d.f evaluates to zero @ !pdfs=(modelObs_s = 0/1,nuisancePdf = 1)

[#0] WARNING:Minization -- RooMinimizerFcn: Minimized function has error status.
Returning maximum FCN so far (646.012) to force MIGRAD to back out of this region. Error log follows
Parameter values: JER_16=2.50853, JES_16=6.65977, QCDZA_pdf=-0.306195, QCDZA_scale=4.17862, QCD_stat_ele_16_bin_1=0.645601, QCD_stat_ele_16_bin_2=0.146696, QCD_stat_ele_16_bin_3=0.614412, QCD_stat_ele_16_bin_4=0.0880101, QCD_stat_ele_16_bin_5=0.660777, QCD_stat_muon_16_bin_1=2.70753, QCD_stat_muon_16_bin_2=2.06467, QCD_stat_muon_16_bin_3=-0.300363, QCD_stat_muon_16_bin_4=-1.00572, QCD_stat_muon_16_bin_5=-0.208522, VBS_stat_ele_16_bin_1=0.360132, VBS_stat_ele_16_bin_2=-0.623638, VBS_stat_ele_16_bin_3=0.111502, VBS_stat_ele_16_bin_4=1.23045, VBS_stat_ele_16_bin_5=0.0832754, VBS_stat_muon_16_bin_1=-0.772881, VBS_stat_muon_16_bin_2=-0.378976, VBS_stat_muon_16_bin_3=1.32629, VBS_stat_muon_16_bin_4=0.430382, VBS_stat_muon_16_bin_5=1.71399, ele16_efficiency=0.210953, ele16_trigger=0.63011, fake_ele_16=1.39578, fake_muon_16=5.44058, interference=0.567515, l1prefiring=-1.7589, lumi=0.925798, mu16_efficiency=-0.0441257, mu16_trigger=-0.787615, non_prompt_stat_ele_16_bin_1=-0.206534, non_prompt_stat_ele_16_bin_2=1.1444, non_prompt_stat_muon_16_bin_1=0.978882, non_prompt_stat_muon_16_bin_2=1.58949, others_stat_ele_16_bin_1=0.592621, others_stat_ele_16_bin_2=1.1664, others_stat_ele_16_bin_3=-0.362222, others_stat_muon_16_bin_1=0.551215, others_xs=2.13608, param=2.44492, photon_id_16=0.562696, pileup=-1.17898, signal_pdf=-0.515764, signal_scale=0.107022
RooProdPdf::model_s[ modelObs_s * nuisancePdf ]
     getLogVal() top-level p.d.f evaluates to zero @ !pdfs=(modelObs_s = 0/1,nuisancePdf = 1)


 -- Hybrid New -- 
CLs = 0.00284091 +/- 0.00284285
Done in 11.28 min (cpu), 11.30 min (real)
