 <<< Combine >>> 
>>> including systematics
>>> using the Profile Likelihood test statistics modified for upper limits (Q_LHC)
>>> method used is HybridNew
>>> Used OpenSSL to get a really random seed -86182019
Computing results starting from observation (a-posteriori)

 -- Hybrid New -- 
CLs = 0.00252525 +/- 0.00252538
Done in 8.67 min (cpu), 8.67 min (real)
