 <<< Combine >>> 
>>> including systematics
>>> using the Profile Likelihood test statistics modified for upper limits (Q_LHC)
>>> method used is HybridNew
>>> Used OpenSSL to get a really random seed 1771681349
Computing results starting from observation (a-posteriori)

 -- Hybrid New -- 
CLs = 0.647849 +/- 0.045359
Done in 17.49 min (cpu), 17.54 min (real)
