 <<< Combine >>> 
>>> including systematics
>>> using the Profile Likelihood test statistics modified for upper limits (Q_LHC)
>>> method used is HybridNew
>>> Used OpenSSL to get a really random seed -438750617
Computing results starting from observation (a-posteriori)

 -- Hybrid New -- 
CLs = 0.0277778 +/- 0.00883277
Done in 16.87 min (cpu), 18.23 min (real)
