 <<< Combine >>> 
>>> including systematics
>>> using the Profile Likelihood test statistics modified for upper limits (Q_LHC)
>>> method used is HybridNew
>>> Used OpenSSL to get a really random seed 1157284328
Computing results starting from observation (a-posteriori)

 -- Hybrid New -- 
CLs = 0.308673 +/- 0.0284056
Done in 5.51 min (cpu), 5.51 min (real)
