 <<< Combine >>> 
>>> including systematics
>>> using the Profile Likelihood test statistics modified for upper limits (Q_LHC)
>>> method used is HybridNew
>>> Used OpenSSL to get a really random seed -966510052
Computing results starting from observation (a-posteriori)

 -- Hybrid New -- 
CLs = 0.494253 +/- 0.0422527
Done in 9.81 min (cpu), 9.82 min (real)
