 <<< Combine >>> 
>>> including systematics
>>> using the Profile Likelihood test statistics modified for upper limits (Q_LHC)
>>> method used is HybridNew
>>> Used OpenSSL to get a really random seed 910905540
Computing results starting from observation (a-posteriori)
[#0] WARNING:InputArguments -- RooRealVar::setMin(param): Proposed new fit min. larger than max., setting min. to max.
[#0] WARNING:InputArguments -- RooRealVar::setMin(param): Proposed new fit min. larger than max., setting min. to max.
[#0] WARNING:Minization -- RooMinimizerFcn: Minimized function has error status.
Returning maximum FCN so far (646.036) to force MIGRAD to back out of this region. Error log follows
Parameter values: JER_16=5.30586, JES_16=6.84569, QCDZA_pdf=-4.906, QCDZA_scale=-6.97521, QCD_stat_ele_16_bin_1=4.24436, QCD_stat_ele_16_bin_2=-6.50174, QCD_stat_ele_16_bin_3=-6.27564, QCD_stat_ele_16_bin_4=-4.81547, QCD_stat_ele_16_bin_5=4.8415, QCD_stat_muon_16_bin_1=6.07805, QCD_stat_muon_16_bin_2=-4.03234, QCD_stat_muon_16_bin_3=6.79006, QCD_stat_muon_16_bin_4=-3.79603, QCD_stat_muon_16_bin_5=6.62724, VBS_stat_ele_16_bin_1=-4.18294, VBS_stat_ele_16_bin_2=0.452347, VBS_stat_ele_16_bin_3=-6.99254, VBS_stat_ele_16_bin_4=2.999, VBS_stat_ele_16_bin_5=6.91407, VBS_stat_muon_16_bin_1=6.52959, VBS_stat_muon_16_bin_2=-6.32379, VBS_stat_muon_16_bin_3=1.29676, VBS_stat_muon_16_bin_4=6.2404, VBS_stat_muon_16_bin_5=-6.80068, ele16_efficiency=6.98714, ele16_trigger=-3.75023, fake_ele_16=-0.0340072, fake_muon_16=-6.99247, interference=4.15791, l1prefiring=0.489611, lumi=-6.99959, mu16_efficiency=5.72186, mu16_trigger=-0.148854, non_prompt_stat_ele_16_bin_1=2.03912, non_prompt_stat_ele_16_bin_2=-4.72217, non_prompt_stat_muon_16_bin_1=-5.91893, non_prompt_stat_muon_16_bin_2=-1.40344, others_stat_ele_16_bin_1=1.854, others_stat_ele_16_bin_2=3.94695, others_stat_ele_16_bin_3=6.45582, others_stat_muon_16_bin_1=-2.57902, others_xs=6.47992, param=146.981, photon_id_16=-6.99848, pileup=-6.27143, signal_pdf=6.77542, signal_scale=-5.98387
RooProdPdf::nuisancePdf[ JER_16_Pdf * JES_16_Pdf * QCDZA_pdf_Pdf * QCDZA_scale_Pdf * QCD_stat_ele_16_bin_1_Pdf * QCD_stat_ele_16_bin_2_Pdf * QCD_stat_ele_16_bin_3_Pdf * QCD_stat_ele_16_bin_4_Pdf * QCD_stat_ele_16_bin_5_Pdf * QCD_stat_muon_16_bin_1_Pdf * QCD_stat_muon_16_bin_2_Pdf * QCD_stat_muon_16_bin_3_Pdf * QCD_stat_muon_16_bin_4_Pdf * QCD_stat_muon_16_bin_5_Pdf * VBS_stat_ele_16_bin_1_Pdf * VBS_stat_ele_16_bin_2_Pdf * VBS_stat_ele_16_bin_3_Pdf * VBS_stat_ele_16_bin_4_Pdf * VBS_stat_ele_16_bin_5_Pdf * VBS_stat_muon_16_bin_1_Pdf * VBS_stat_muon_16_bin_2_Pdf * VBS_stat_muon_16_bin_3_Pdf * VBS_stat_muon_16_bin_4_Pdf * VBS_stat_muon_16_bin_5_Pdf * ele16_efficiency_Pdf * ele16_trigger_Pdf * fake_ele_16_Pdf * fake_muon_16_Pdf * interference_Pdf * l1prefiring_Pdf * lumi_Pdf * mu16_efficiency_Pdf * mu16_trigger_Pdf * non_prompt_stat_ele_16_bin_1_Pdf * non_prompt_stat_ele_16_bin_2_Pdf * non_prompt_stat_muon_16_bin_1_Pdf * non_prompt_stat_muon_16_bin_2_Pdf * others_stat_ele_16_bin_1_Pdf * others_stat_ele_16_bin_2_Pdf * others_stat_ele_16_bin_3_Pdf * others_stat_muon_16_bin_1_Pdf * others_xs_Pdf * photon_id_16_Pdf * pileup_Pdf * signal_pdf_Pdf * signal_scale_Pdf ]
     getLogVal() top-level p.d.f evaluates to zero @ !pdfs=(JER_16_Pdf = 1.39796e-08/2.50663,JES_16_Pdf = 8.63226e-11/2.50663,QCDZA_pdf_Pdf = 1.72153e-05/2.50663,QCDZA_scale_Pdf = 3.01446e-13/2.50663,QCD_stat_ele_16_bin_1_Pdf = 1.07526e-06/2.50663,QCD_stat_ele_16_bin_2_Pdf = 1.18995e-11/2.50663,QCD_stat_ele_16_bin_3_Pdf = 4.44929e-10/2.50663,QCD_stat_ele_16_bin_4_Pdf = 5.29843e-05/2.50663,QCD_stat_ele_16_bin_5_Pdf = 5.32295e-06/2.50663,QCD_stat_muon_16_bin_1_Pdf = 3.81688e-09/2.50663,QCD_stat_muon_16_bin_2_Pdf = 0.0180267/2.50663,QCD_stat_muon_16_bin_3_Pdf = 1.1706e-13/2.50663,QCD_stat_muon_16_bin_4_Pdf = 0.115767/2.50663,QCD_stat_muon_16_bin_5_Pdf = 3.95726e-13/2.50663,VBS_stat_ele_16_bin_1_Pdf = 1.07111e-05/2.50663,VBS_stat_ele_16_bin_2_Pdf = 0.936531/2.50663,VBS_stat_ele_16_bin_3_Pdf = 4.72619e-09/2.50663,VBS_stat_ele_16_bin_4_Pdf = 0.00082699/2.50663,VBS_stat_ele_16_bin_5_Pdf = 3.79839e-08/2.50663,VBS_stat_muon_16_bin_1_Pdf = 5.54171e-07/2.50663,VBS_stat_muon_16_bin_2_Pdf = 2.58777e-08/2.50663,VBS_stat_muon_16_bin_3_Pdf = 0.837576/2.50663,VBS_stat_muon_16_bin_4_Pdf = 7.51455e-15/2.50663,VBS_stat_muon_16_bin_5_Pdf = 4.44643e-07/2.50663,ele16_efficiency_Pdf = 3.07527e-12/2.50663,ele16_trigger_Pdf = 0.0211982/2.50663,fake_ele_16_Pdf = 0.526517/2.50663,fake_muon_16_Pdf = 2.70522e-15/2.50663,interference_Pdf = 1.04995e-06/2.50663,l1prefiring_Pdf = 0.905236/2.50663,lumi_Pdf = 6.47924e-13/2.50663,mu16_efficiency_Pdf = 1.11398e-09/2.50663,mu16_trigger_Pdf = 0.147562/2.50663,non_prompt_stat_ele_16_bin_1_Pdf = 0.191792/2.50663,non_prompt_stat_ele_16_bin_2_Pdf = 4.27131e-07/2.50663,non_prompt_stat_muon_16_bin_1_Pdf = 6.93912e-10/2.50663,non_prompt_stat_muon_16_bin_2_Pdf = 0.794703/2.50663,others_stat_ele_16_bin_1_Pdf = 0.991343/2.50663,others_stat_ele_16_bin_2_Pdf = 0.0703535/2.50663,others_stat_ele_16_bin_3_Pdf = 8.83012e-12/2.50663,others_stat_muon_16_bin_1_Pdf = 0.38661/2.50663,others_xs_Pdf = 2.34522e-08/2.50663,photon_id_16_Pdf = 4.5339e-10/2.50663,pileup_Pdf = 0.00012783/2.50663,signal_pdf_Pdf = 7.46584e-11/2.50663,signal_scale_Pdf = 5.00227e-11/2.50663)

[#0] WARNING:Minization -- RooMinimizerFcn: Minimized function has error status.
Returning maximum FCN so far (1068.08) to force MIGRAD to back out of this region. Error log follows
Parameter values: JER_16=-5.1111, JES_16=6.99594, QCDZA_pdf=-6.99778, QCDZA_scale=-5.15839, QCD_stat_ele_16_bin_1=-0.380992, QCD_stat_ele_16_bin_2=3.43592, QCD_stat_ele_16_bin_3=-6.96409, QCD_stat_ele_16_bin_4=-4.74968, QCD_stat_ele_16_bin_5=5.4337, QCD_stat_muon_16_bin_1=-6.96927, QCD_stat_muon_16_bin_2=-6.43722, QCD_stat_muon_16_bin_3=-6.89138, QCD_stat_muon_16_bin_4=0.644589, QCD_stat_muon_16_bin_5=-6.04897, VBS_stat_ele_16_bin_1=5.03408, VBS_stat_ele_16_bin_2=2.56231, VBS_stat_ele_16_bin_3=6.81971, VBS_stat_ele_16_bin_4=6.48584, VBS_stat_ele_16_bin_5=4.42946, VBS_stat_muon_16_bin_1=2.9943, VBS_stat_muon_16_bin_2=2.76744, VBS_stat_muon_16_bin_3=0.387524, VBS_stat_muon_16_bin_4=4.05593, VBS_stat_muon_16_bin_5=6.99924, ele16_efficiency=5.29329, ele16_trigger=6.99575, fake_ele_16=3.03368, fake_muon_16=-6.88189, interference=-6.66569, l1prefiring=4.97876, lumi=-6.89228, mu16_efficiency=-6.97861, mu16_trigger=-6.93366, non_prompt_stat_ele_16_bin_1=5.64162, non_prompt_stat_ele_16_bin_2=-5.84978, non_prompt_stat_muon_16_bin_1=-3.16052, non_prompt_stat_muon_16_bin_2=2.06793, others_stat_ele_16_bin_1=-5.60988, others_stat_ele_16_bin_2=-3.80414, others_stat_ele_16_bin_3=-6.70415, others_stat_muon_16_bin_1=6.98908, others_xs=-6.0382, param=4.44655, photon_id_16=6.75881, pileup=-6.36283, signal_pdf=-6.96005, signal_scale=-4.64132
RooProdPdf::nuisancePdf[ JER_16_Pdf * JES_16_Pdf * QCDZA_pdf_Pdf * QCDZA_scale_Pdf * QCD_stat_ele_16_bin_1_Pdf * QCD_stat_ele_16_bin_2_Pdf * QCD_stat_ele_16_bin_3_Pdf * QCD_stat_ele_16_bin_4_Pdf * QCD_stat_ele_16_bin_5_Pdf * QCD_stat_muon_16_bin_1_Pdf * QCD_stat_muon_16_bin_2_Pdf * QCD_stat_muon_16_bin_3_Pdf * QCD_stat_muon_16_bin_4_Pdf * QCD_stat_muon_16_bin_5_Pdf * VBS_stat_ele_16_bin_1_Pdf * VBS_stat_ele_16_bin_2_Pdf * VBS_stat_ele_16_bin_3_Pdf * VBS_stat_ele_16_bin_4_Pdf * VBS_stat_ele_16_bin_5_Pdf * VBS_stat_muon_16_bin_1_Pdf * VBS_stat_muon_16_bin_2_Pdf * VBS_stat_muon_16_bin_3_Pdf * VBS_stat_muon_16_bin_4_Pdf * VBS_stat_muon_16_bin_5_Pdf * ele16_efficiency_Pdf * ele16_trigger_Pdf * fake_ele_16_Pdf * fake_muon_16_Pdf * interference_Pdf * l1prefiring_Pdf * lumi_Pdf * mu16_efficiency_Pdf * mu16_trigger_Pdf * non_prompt_stat_ele_16_bin_1_Pdf * non_prompt_stat_ele_16_bin_2_Pdf * non_prompt_stat_muon_16_bin_1_Pdf * non_prompt_stat_muon_16_bin_2_Pdf * others_stat_ele_16_bin_1_Pdf * others_stat_ele_16_bin_2_Pdf * others_stat_ele_16_bin_3_Pdf * others_stat_muon_16_bin_1_Pdf * others_xs_Pdf * photon_id_16_Pdf * pileup_Pdf * signal_pdf_Pdf * signal_scale_Pdf ]
     getLogVal() top-level p.d.f evaluates to zero @ !pdfs=(JER_16_Pdf = 4.85552e-05/2.50663,JES_16_Pdf = 7.03788e-10/2.50663,QCDZA_pdf_Pdf = 1.78844e-13/2.50663,QCDZA_scale_Pdf = 3.00602e-08/2.50663,QCD_stat_ele_16_bin_1_Pdf = 0.105478/2.50663,QCD_stat_ele_16_bin_2_Pdf = 0.00619808/2.50663,QCD_stat_ele_16_bin_3_Pdf = 3.23769e-08/2.50663,QCD_stat_ele_16_bin_4_Pdf = 3.99549e-05/2.50663,QCD_stat_ele_16_bin_5_Pdf = 2.86144e-10/2.50663,QCD_stat_muon_16_bin_1_Pdf = 9.34146e-10/2.50663,QCD_stat_muon_16_bin_2_Pdf = 1.26775e-06/2.50663,QCD_stat_muon_16_bin_3_Pdf = 8.2855e-15/2.50663,QCD_stat_muon_16_bin_4_Pdf = 0.0469729/2.50663,QCD_stat_muon_16_bin_5_Pdf = 3.05652e-11/2.50663,VBS_stat_ele_16_bin_1_Pdf = 9.96904e-08/2.50663,VBS_stat_ele_16_bin_2_Pdf = 0.16778/2.50663,VBS_stat_ele_16_bin_3_Pdf = 1.21644e-11/2.50663,VBS_stat_ele_16_bin_4_Pdf = 2.91897e-10/2.50663,VBS_stat_ele_16_bin_5_Pdf = 2.34312e-05/2.50663,VBS_stat_muon_16_bin_1_Pdf = 0.122072/2.50663,VBS_stat_muon_16_bin_2_Pdf = 0.0575106/2.50663,VBS_stat_muon_16_bin_3_Pdf = 0.952177/2.50663,VBS_stat_muon_16_bin_4_Pdf = 0.162436/2.50663,VBS_stat_muon_16_bin_5_Pdf = 6.21568e-09/2.50663,ele16_efficiency_Pdf = 1.76452e-09/2.50663,ele16_trigger_Pdf = 3.7925e-18/2.50663,fake_ele_16_Pdf = 0.00743243/2.50663,fake_muon_16_Pdf = 1.88655e-07/2.50663,interference_Pdf = 2.99771e-07/2.50663,l1prefiring_Pdf = 4.89017e-06/2.50663,lumi_Pdf = 1.70109e-11/2.50663,mu16_efficiency_Pdf = 9.11125e-11/2.50663,mu16_trigger_Pdf = 2.64965e-12/2.50663,non_prompt_stat_ele_16_bin_1_Pdf = 2.22768e-05/2.50663,non_prompt_stat_ele_16_bin_2_Pdf = 3.6917e-09/2.50663,non_prompt_stat_muon_16_bin_1_Pdf = 0.164011/2.50663,non_prompt_stat_muon_16_bin_2_Pdf = 0.322187/2.50663,others_stat_ele_16_bin_1_Pdf = 1.56817e-09/2.50663,others_stat_ele_16_bin_2_Pdf = 0.000297521/2.50663,others_stat_ele_16_bin_3_Pdf = 1.67465e-09/2.50663,others_stat_muon_16_bin_1_Pdf = 8.1459e-12/2.50663,others_xs_Pdf = 2.1949e-07/2.50663,photon_id_16_Pdf = 3.7409e-08/2.50663,pileup_Pdf = 4.46997e-08/2.50663,signal_pdf_Pdf = 1.87985e-10/2.50663,signal_scale_Pdf = 0.000220529/2.50663)

[#0] WARNING:Minization -- RooMinimizerFcn: Minimized function has error status.
Returning maximum FCN so far (1068.08) to force MIGRAD to back out of this region. Error log follows
Parameter values: JER_16=-0.406022, JES_16=-1.90226, QCDZA_pdf=-1.62326, QCDZA_scale=-6.68865, QCD_stat_ele_16_bin_1=6.21261, QCD_stat_ele_16_bin_2=6.88406, QCD_stat_ele_16_bin_3=6.22636, QCD_stat_ele_16_bin_4=4.76474, QCD_stat_ele_16_bin_5=6.99918, QCD_stat_muon_16_bin_1=-2.99869, QCD_stat_muon_16_bin_2=6.21472, QCD_stat_muon_16_bin_3=4.47178, QCD_stat_muon_16_bin_4=-6.90832, QCD_stat_muon_16_bin_5=-2.2969, VBS_stat_ele_16_bin_1=2.61405, VBS_stat_ele_16_bin_2=-4.03486, VBS_stat_ele_16_bin_3=6.96654, VBS_stat_ele_16_bin_4=1.5273, VBS_stat_ele_16_bin_5=6.8674, VBS_stat_muon_16_bin_1=4.2159, VBS_stat_muon_16_bin_2=0.795908, VBS_stat_muon_16_bin_3=-4.88922, VBS_stat_muon_16_bin_4=-3.22318, VBS_stat_muon_16_bin_5=-6.18212, ele16_efficiency=6.70797, ele16_trigger=6.7567, fake_ele_16=1.28057, fake_muon_16=6.3331, interference=6.48441, l1prefiring=6.88832, lumi=-2.0717, mu16_efficiency=5.559, mu16_trigger=5.78153, non_prompt_stat_ele_16_bin_1=-6.59529, non_prompt_stat_ele_16_bin_2=-2.60056, non_prompt_stat_muon_16_bin_1=-2.2287, non_prompt_stat_muon_16_bin_2=0.762539, others_stat_ele_16_bin_1=-6.99989, others_stat_ele_16_bin_2=-0.624158, others_stat_ele_16_bin_3=5.15756, others_stat_muon_16_bin_1=6.99597, others_xs=5.76959, param=4.42306, photon_id_16=-5.97154, pileup=5.66925, signal_pdf=5.38268, signal_scale=6.54302
RooProdPdf::nuisancePdf[ JER_16_Pdf * JES_16_Pdf * QCDZA_pdf_Pdf * QCDZA_scale_Pdf * QCD_stat_ele_16_bin_1_Pdf * QCD_stat_ele_16_bin_2_Pdf * QCD_stat_ele_16_bin_3_Pdf * QCD_stat_ele_16_bin_4_Pdf * QCD_stat_ele_16_bin_5_Pdf * QCD_stat_muon_16_bin_1_Pdf * QCD_stat_muon_16_bin_2_Pdf * QCD_stat_muon_16_bin_3_Pdf * QCD_stat_muon_16_bin_4_Pdf * QCD_stat_muon_16_bin_5_Pdf * VBS_stat_ele_16_bin_1_Pdf * VBS_stat_ele_16_bin_2_Pdf * VBS_stat_ele_16_bin_3_Pdf * VBS_stat_ele_16_bin_4_Pdf * VBS_stat_ele_16_bin_5_Pdf * VBS_stat_muon_16_bin_1_Pdf * VBS_stat_muon_16_bin_2_Pdf * VBS_stat_muon_16_bin_3_Pdf * VBS_stat_muon_16_bin_4_Pdf * VBS_stat_muon_16_bin_5_Pdf * ele16_efficiency_Pdf * ele16_trigger_Pdf * fake_ele_16_Pdf * fake_muon_16_Pdf * interference_Pdf * l1prefiring_Pdf * lumi_Pdf * mu16_efficiency_Pdf * mu16_trigger_Pdf * non_prompt_stat_ele_16_bin_1_Pdf * non_prompt_stat_ele_16_bin_2_Pdf * non_prompt_stat_muon_16_bin_1_Pdf * non_prompt_stat_muon_16_bin_2_Pdf * others_stat_ele_16_bin_1_Pdf * others_stat_ele_16_bin_2_Pdf * others_stat_ele_16_bin_3_Pdf * others_stat_muon_16_bin_1_Pdf * others_xs_Pdf * photon_id_16_Pdf * pileup_Pdf * signal_pdf_Pdf * signal_scale_Pdf ]
     getLogVal() top-level p.d.f evaluates to zero @ !pdfs=(JER_16_Pdf = 0.969719/2.50663,JES_16_Pdf = 0.0553357/2.50663,QCDZA_pdf_Pdf = 0.0730922/2.50663,QCDZA_scale_Pdf = 1.14299e-12/2.50663,QCD_stat_ele_16_bin_1_Pdf = 4.52992e-05/2.50663,QCD_stat_ele_16_bin_2_Pdf = 2.72604e-10/2.50663,QCD_stat_ele_16_bin_3_Pdf = 2.35897e-12/2.50663,QCD_stat_ele_16_bin_4_Pdf = 3.47783e-06/2.50663,QCD_stat_ele_16_bin_5_Pdf = 2.61355e-15/2.50663,QCD_stat_muon_16_bin_1_Pdf = 0.0464229/2.50663,QCD_stat_muon_16_bin_2_Pdf = 9.50004e-13/2.50663,QCD_stat_muon_16_bin_3_Pdf = 0.00417341/2.50663,QCD_stat_muon_16_bin_4_Pdf = 2.49287e-06/2.50663,QCD_stat_muon_16_bin_5_Pdf = 0.00585205/2.50663,VBS_stat_ele_16_bin_1_Pdf = 0.00495199/2.50663,VBS_stat_ele_16_bin_2_Pdf = 1.54011e-05/2.50663,VBS_stat_ele_16_bin_3_Pdf = 4.24899e-12/2.50663,VBS_stat_ele_16_bin_4_Pdf = 0.248852/2.50663,VBS_stat_ele_16_bin_5_Pdf = 1.54901e-11/2.50663,VBS_stat_muon_16_bin_1_Pdf = 0.00472586/2.50663,VBS_stat_muon_16_bin_2_Pdf = 0.916209/2.50663,VBS_stat_muon_16_bin_3_Pdf = 1.64072e-07/2.50663,VBS_stat_muon_16_bin_4_Pdf = 5.39744e-07/2.50663,VBS_stat_muon_16_bin_5_Pdf = 1.80607e-11/2.50663,ele16_efficiency_Pdf = 8.15174e-14/2.50663,ele16_trigger_Pdf = 3.13613e-17/2.50663,fake_ele_16_Pdf = 0.386961/2.50663,fake_muon_16_Pdf = 1.95559e-13/2.50663,interference_Pdf = 1.69125e-13/2.50663,l1prefiring_Pdf = 6.25557e-11/2.50663,lumi_Pdf = 0.0847496/2.50663,mu16_efficiency_Pdf = 7.09709e-08/2.50663,mu16_trigger_Pdf = 4.3257e-07/2.50663,non_prompt_stat_ele_16_bin_1_Pdf = 2.69235e-13/2.50663,non_prompt_stat_ele_16_bin_2_Pdf = 0.011706/2.50663,non_prompt_stat_muon_16_bin_1_Pdf = 0.624925/2.50663,non_prompt_stat_muon_16_bin_2_Pdf = 0.98026/2.50663,others_stat_ele_16_bin_1_Pdf = 8.54797e-14/2.50663,others_stat_ele_16_bin_2_Pdf = 0.696857/2.50663,others_stat_ele_16_bin_3_Pdf = 2.63486e-07/2.50663,others_stat_muon_16_bin_1_Pdf = 7.75483e-12/2.50663,others_xs_Pdf = 2.90083e-09/2.50663,photon_id_16_Pdf = 5.19221e-11/2.50663,pileup_Pdf = 4.11438e-09/2.50663,signal_pdf_Pdf = 1.16821e-07/2.50663,signal_scale_Pdf = 1.29633e-11/2.50663)

[#0] WARNING:Minization -- RooMinimizerFcn: Minimized function has error status.
Returning maximum FCN so far (1068.08) to force MIGRAD to back out of this region. Error log follows
Parameter values: JER_16=-4.49977, JES_16=6.82395, QCDZA_pdf=-0.50308, QCDZA_scale=5.57584, QCD_stat_ele_16_bin_1=0.947975, QCD_stat_ele_16_bin_2=-5.39635, QCD_stat_ele_16_bin_3=-2.76203, QCD_stat_ele_16_bin_4=4.64944, QCD_stat_ele_16_bin_5=-6.35171, QCD_stat_muon_16_bin_1=6.6256, QCD_stat_muon_16_bin_2=-4.25414, QCD_stat_muon_16_bin_3=1.13287, QCD_stat_muon_16_bin_4=2.16017, QCD_stat_muon_16_bin_5=-2.69184, VBS_stat_ele_16_bin_1=-0.468313, VBS_stat_ele_16_bin_2=-3.88573, VBS_stat_ele_16_bin_3=-6.13827, VBS_stat_ele_16_bin_4=3.37444, VBS_stat_ele_16_bin_5=-3.58306, VBS_stat_muon_16_bin_1=6.19139, VBS_stat_muon_16_bin_2=-1.77362, VBS_stat_muon_16_bin_3=-2.54573, VBS_stat_muon_16_bin_4=5.31523, VBS_stat_muon_16_bin_5=-3.88339, ele16_efficiency=5.23357, ele16_trigger=3.37669, fake_ele_16=2.98909, fake_muon_16=6.2935, interference=5.08257, l1prefiring=0.34284, lumi=0.524549, mu16_efficiency=-2.47156, mu16_trigger=6.51048, non_prompt_stat_ele_16_bin_1=2.27944, non_prompt_stat_ele_16_bin_2=-6.70189, non_prompt_stat_muon_16_bin_1=6.96743, non_prompt_stat_muon_16_bin_2=-1.33728, others_stat_ele_16_bin_1=6.79032, others_stat_ele_16_bin_2=-1.65817, others_stat_ele_16_bin_3=0.278062, others_stat_muon_16_bin_1=-3.58185, others_xs=-6.84627, param=4.49299, photon_id_16=-2.30565, pileup=-6.00004, signal_pdf=-0.0813459, signal_scale=5.30855
RooProdPdf::model_s[ modelObs_s * nuisancePdf ]
     getLogVal() top-level p.d.f evaluates to zero @ !pdfs=(modelObs_s = 0/1,nuisancePdf = 1)

[#0] WARNING:Minization -- RooMinimizerFcn: Minimized function has error status.
Returning maximum FCN so far (1068.08) to force MIGRAD to back out of this region. Error log follows
Parameter values: JER_16=5.58384, JES_16=-4.32032, QCDZA_pdf=6.48914, QCDZA_scale=-1.04256, QCD_stat_ele_16_bin_1=2.89271, QCD_stat_ele_16_bin_2=-6.99916, QCD_stat_ele_16_bin_3=5.21603, QCD_stat_ele_16_bin_4=4.87371, QCD_stat_ele_16_bin_5=-6.56698, QCD_stat_muon_16_bin_1=3.62186, QCD_stat_muon_16_bin_2=6.45647, QCD_stat_muon_16_bin_3=-6.92655, QCD_stat_muon_16_bin_4=6.08141, QCD_stat_muon_16_bin_5=-3.53142, VBS_stat_ele_16_bin_1=-0.769492, VBS_stat_ele_16_bin_2=-2.14844, VBS_stat_ele_16_bin_3=6.62692, VBS_stat_ele_16_bin_4=-0.813546, VBS_stat_ele_16_bin_5=6.24713, VBS_stat_muon_16_bin_1=-0.592629, VBS_stat_muon_16_bin_2=-6.6087, VBS_stat_muon_16_bin_3=-4.75156, VBS_stat_muon_16_bin_4=1.73846, VBS_stat_muon_16_bin_5=0.753562, ele16_efficiency=-3.38159, ele16_trigger=5.09605, fake_ele_16=0.982398, fake_muon_16=0.809545, interference=-5.35356, l1prefiring=-6.91618, lumi=6.47917, mu16_efficiency=4.69747, mu16_trigger=-6.78721, non_prompt_stat_ele_16_bin_1=-6.91461, non_prompt_stat_ele_16_bin_2=-6.81908, non_prompt_stat_muon_16_bin_1=-3.31927, non_prompt_stat_muon_16_bin_2=-6.95011, others_stat_ele_16_bin_1=-0.182552, others_stat_ele_16_bin_2=-6.01228, others_stat_ele_16_bin_3=6.9764, others_stat_muon_16_bin_1=5.67661, others_xs=6.99794, param=4.42498, photon_id_16=6.70967, pileup=5.74336, signal_pdf=-0.972558, signal_scale=-6.90057
RooProdPdf::nuisancePdf[ JER_16_Pdf * JES_16_Pdf * QCDZA_pdf_Pdf * QCDZA_scale_Pdf * QCD_stat_ele_16_bin_1_Pdf * QCD_stat_ele_16_bin_2_Pdf * QCD_stat_ele_16_bin_3_Pdf * QCD_stat_ele_16_bin_4_Pdf * QCD_stat_ele_16_bin_5_Pdf * QCD_stat_muon_16_bin_1_Pdf * QCD_stat_muon_16_bin_2_Pdf * QCD_stat_muon_16_bin_3_Pdf * QCD_stat_muon_16_bin_4_Pdf * QCD_stat_muon_16_bin_5_Pdf * VBS_stat_ele_16_bin_1_Pdf * VBS_stat_ele_16_bin_2_Pdf * VBS_stat_ele_16_bin_3_Pdf * VBS_stat_ele_16_bin_4_Pdf * VBS_stat_ele_16_bin_5_Pdf * VBS_stat_muon_16_bin_1_Pdf * VBS_stat_muon_16_bin_2_Pdf * VBS_stat_muon_16_bin_3_Pdf * VBS_stat_muon_16_bin_4_Pdf * VBS_stat_muon_16_bin_5_Pdf * ele16_efficiency_Pdf * ele16_trigger_Pdf * fake_ele_16_Pdf * fake_muon_16_Pdf * interference_Pdf * l1prefiring_Pdf * lumi_Pdf * mu16_efficiency_Pdf * mu16_trigger_Pdf * non_prompt_stat_ele_16_bin_1_Pdf * non_prompt_stat_ele_16_bin_2_Pdf * non_prompt_stat_muon_16_bin_1_Pdf * non_prompt_stat_muon_16_bin_2_Pdf * others_stat_ele_16_bin_1_Pdf * others_stat_ele_16_bin_2_Pdf * others_stat_ele_16_bin_3_Pdf * others_stat_muon_16_bin_1_Pdf * others_xs_Pdf * photon_id_16_Pdf * pileup_Pdf * signal_pdf_Pdf * signal_scale_Pdf ]
     getLogVal() top-level p.d.f evaluates to zero @ !pdfs=(JER_16_Pdf = 3.55332e-09/2.50663,JES_16_Pdf = 8.84529e-06/2.50663,QCDZA_pdf_Pdf = 4.28537e-08/2.50663,QCDZA_scale_Pdf = 0.208878/2.50663,QCD_stat_ele_16_bin_1_Pdf = 0.514585/2.50663,QCD_stat_ele_16_bin_2_Pdf = 3.95561e-12/2.50663,QCD_stat_ele_16_bin_3_Pdf = 2.30062e-09/2.50663,QCD_stat_ele_16_bin_4_Pdf = 2.00193e-06/2.50663,QCD_stat_ele_16_bin_5_Pdf = 5.43481e-07/2.50663,QCD_stat_muon_16_bin_1_Pdf = 0.000187669/2.50663,QCD_stat_muon_16_bin_2_Pdf = 1.52691e-13/2.50663,QCD_stat_muon_16_bin_3_Pdf = 6.23771e-15/2.50663,QCD_stat_muon_16_bin_4_Pdf = 2.59232e-14/2.50663,QCD_stat_muon_16_bin_5_Pdf = 5.21413e-05/2.50663,VBS_stat_ele_16_bin_1_Pdf = 0.992177/2.50663,VBS_stat_ele_16_bin_2_Pdf = 0.018691/2.50663,VBS_stat_ele_16_bin_3_Pdf = 4.68413e-11/2.50663,VBS_stat_ele_16_bin_4_Pdf = 0.797359/2.50663,VBS_stat_ele_16_bin_5_Pdf = 1.0166e-09/2.50663,VBS_stat_muon_16_bin_1_Pdf = 0.307385/2.50663,VBS_stat_muon_16_bin_2_Pdf = 2.52078e-11/2.50663,VBS_stat_muon_16_bin_3_Pdf = 3.50842e-07/2.50663,VBS_stat_muon_16_bin_4_Pdf = 0.91904/2.50663,VBS_stat_muon_16_bin_5_Pdf = 0.995197/2.50663,ele16_efficiency_Pdf = 0.0668915/2.50663,ele16_trigger_Pdf = 1.53109e-11/2.50663,fake_ele_16_Pdf = 0.558218/2.50663,fake_muon_16_Pdf = 0.104211/2.50663,interference_Pdf = 0.000168355/2.50663,l1prefiring_Pdf = 3.25479e-11/2.50663,lumi_Pdf = 2.00239e-09/2.50663,mu16_efficiency_Pdf = 6.86624e-06/2.50663,mu16_trigger_Pdf = 7.63708e-12/2.50663,non_prompt_stat_ele_16_bin_1_Pdf = 2.25346e-14/2.50663,non_prompt_stat_ele_16_bin_2_Pdf = 5.49405e-12/2.50663,non_prompt_stat_muon_16_bin_1_Pdf = 0.119757/2.50663,non_prompt_stat_muon_16_bin_2_Pdf = 5.53628e-13/2.50663,others_stat_ele_16_bin_1_Pdf = 0.642697/2.50663,others_stat_ele_16_bin_2_Pdf = 3.54929e-09/2.50663,others_stat_ele_16_bin_3_Pdf = 2.26151e-12/2.50663,others_stat_muon_16_bin_1_Pdf = 4.07533e-08/2.50663,others_xs_Pdf = 6.1649e-13/2.50663,photon_id_16_Pdf = 4.98042e-08/2.50663,pileup_Pdf = 2.58882e-09/2.50663,signal_pdf_Pdf = 0.779963/2.50663,signal_scale_Pdf = 1.61733e-09/2.50663)

[#0] WARNING:Minization -- RooMinimizerFcn: Minimized function has error status.
Returning maximum FCN so far (66.6445) to force MIGRAD to back out of this region. Error log follows
Parameter values: JER_16=-6.93993, JES_16=-2.4712, QCDZA_pdf=3.75353, QCDZA_scale=2.34087, QCD_stat_ele_16_bin_1=-1.69981, QCD_stat_ele_16_bin_2=-5.66077, QCD_stat_ele_16_bin_3=-3.13733, QCD_stat_ele_16_bin_4=-6.21191, QCD_stat_ele_16_bin_5=-0.086663, QCD_stat_muon_16_bin_1=-4.64272, QCD_stat_muon_16_bin_2=-5.80971, QCD_stat_muon_16_bin_3=4.46211, QCD_stat_muon_16_bin_4=5.23382, QCD_stat_muon_16_bin_5=-6.5841, VBS_stat_ele_16_bin_1=-6.68708, VBS_stat_ele_16_bin_2=-4.21975, VBS_stat_ele_16_bin_3=-6.34111, VBS_stat_ele_16_bin_4=2.43188, VBS_stat_ele_16_bin_5=0.865884, VBS_stat_muon_16_bin_1=4.00426, VBS_stat_muon_16_bin_2=3.30841, VBS_stat_muon_16_bin_3=0.794161, VBS_stat_muon_16_bin_4=-6.68786, VBS_stat_muon_16_bin_5=6.48549, ele16_efficiency=6.41103, ele16_trigger=-2.5433, fake_ele_16=-1.20532, fake_muon_16=-4.50404, interference=6.475, l1prefiring=-6.86729, lumi=2.12738, mu16_efficiency=-1.08783, mu16_trigger=0.0920834, non_prompt_stat_ele_16_bin_1=-5.6681, non_prompt_stat_ele_16_bin_2=6.4203, non_prompt_stat_muon_16_bin_1=6.29858, non_prompt_stat_muon_16_bin_2=6.64628, others_stat_ele_16_bin_1=-5.72828, others_stat_ele_16_bin_2=6.32444, others_stat_ele_16_bin_3=-6.96486, others_stat_muon_16_bin_1=6.00201, others_xs=-6.9052, param=0.733896, photon_id_16=-5.12074, pileup=5.67453, signal_pdf=-6.98476, signal_scale=4.04773
RooProdPdf::nuisancePdf[ JER_16_Pdf * JES_16_Pdf * QCDZA_pdf_Pdf * QCDZA_scale_Pdf * QCD_stat_ele_16_bin_1_Pdf * QCD_stat_ele_16_bin_2_Pdf * QCD_stat_ele_16_bin_3_Pdf * QCD_stat_ele_16_bin_4_Pdf * QCD_stat_ele_16_bin_5_Pdf * QCD_stat_muon_16_bin_1_Pdf * QCD_stat_muon_16_bin_2_Pdf * QCD_stat_muon_16_bin_3_Pdf * QCD_stat_muon_16_bin_4_Pdf * QCD_stat_muon_16_bin_5_Pdf * VBS_stat_ele_16_bin_1_Pdf * VBS_stat_ele_16_bin_2_Pdf * VBS_stat_ele_16_bin_3_Pdf * VBS_stat_ele_16_bin_4_Pdf * VBS_stat_ele_16_bin_5_Pdf * VBS_stat_muon_16_bin_1_Pdf * VBS_stat_muon_16_bin_2_Pdf * VBS_stat_muon_16_bin_3_Pdf * VBS_stat_muon_16_bin_4_Pdf * VBS_stat_muon_16_bin_5_Pdf * ele16_efficiency_Pdf * ele16_trigger_Pdf * fake_ele_16_Pdf * fake_muon_16_Pdf * interference_Pdf * l1prefiring_Pdf * lumi_Pdf * mu16_efficiency_Pdf * mu16_trigger_Pdf * non_prompt_stat_ele_16_bin_1_Pdf * non_prompt_stat_ele_16_bin_2_Pdf * non_prompt_stat_muon_16_bin_1_Pdf * non_prompt_stat_muon_16_bin_2_Pdf * others_stat_ele_16_bin_1_Pdf * others_stat_ele_16_bin_2_Pdf * others_stat_ele_16_bin_3_Pdf * others_stat_muon_16_bin_1_Pdf * others_xs_Pdf * photon_id_16_Pdf * pileup_Pdf * signal_pdf_Pdf * signal_scale_Pdf ]
     getLogVal() top-level p.d.f evaluates to zero @ !pdfs=(JER_16_Pdf = 3.96698e-13/2.50663,JES_16_Pdf = 0.000545831/2.50663,QCDZA_pdf_Pdf = 3.63427e-05/2.50663,QCDZA_scale_Pdf = 0.020931/2.50663,QCD_stat_ele_16_bin_1_Pdf = 0.96598/2.50663,QCD_stat_ele_16_bin_2_Pdf = 9.19933e-10/2.50663,QCD_stat_ele_16_bin_3_Pdf = 0.138021/2.50663,QCD_stat_ele_16_bin_4_Pdf = 1.39048e-09/2.50663,QCD_stat_ele_16_bin_5_Pdf = 0.635745/2.50663,QCD_stat_muon_16_bin_1_Pdf = 1.17863e-05/2.50663,QCD_stat_muon_16_bin_2_Pdf = 1.09141e-09/2.50663,QCD_stat_muon_16_bin_3_Pdf = 2.9397e-07/2.50663,QCD_stat_muon_16_bin_4_Pdf = 1.7783e-07/2.50663,QCD_stat_muon_16_bin_5_Pdf = 1.5512e-12/2.50663,VBS_stat_ele_16_bin_1_Pdf = 2.03813e-10/2.50663,VBS_stat_ele_16_bin_2_Pdf = 0.000815249/2.50663,VBS_stat_ele_16_bin_3_Pdf = 2.96519e-08/2.50663,VBS_stat_ele_16_bin_4_Pdf = 0.00210323/2.50663,VBS_stat_ele_16_bin_5_Pdf = 0.0483005/2.50663,VBS_stat_muon_16_bin_1_Pdf = 1.93422e-07/2.50663,VBS_stat_muon_16_bin_2_Pdf = 0.00292883/2.50663,VBS_stat_muon_16_bin_3_Pdf = 0.9076/2.50663,VBS_stat_muon_16_bin_4_Pdf = 4.40877e-11/2.50663,VBS_stat_muon_16_bin_5_Pdf = 3.91761e-08/2.50663,ele16_efficiency_Pdf = 7.7516e-09/2.50663,ele16_trigger_Pdf = 0.119535/2.50663,fake_ele_16_Pdf = 0.960027/2.50663,fake_muon_16_Pdf = 1.87601e-05/2.50663,interference_Pdf = 2.98645e-11/2.50663,l1prefiring_Pdf = 1.97726e-07/2.50663,lumi_Pdf = 0.000950893/2.50663,mu16_efficiency_Pdf = 0.715228/2.50663,mu16_trigger_Pdf = 0.212513/2.50663,non_prompt_stat_ele_16_bin_1_Pdf = 3.04521e-05/2.50663,non_prompt_stat_ele_16_bin_2_Pdf = 1.74953e-13/2.50663,non_prompt_stat_muon_16_bin_1_Pdf = 1.34676e-11/2.50663,non_prompt_stat_muon_16_bin_2_Pdf = 1.921e-21/2.5065,others_stat_ele_16_bin_1_Pdf = 6.11807e-08/2.50663,others_stat_ele_16_bin_2_Pdf = 3.11067e-11/2.50663,others_stat_ele_16_bin_3_Pdf = 7.15125e-12/2.50663,others_stat_muon_16_bin_1_Pdf = 6.55943e-09/2.50663,others_xs_Pdf = 1.4572e-15/2.50663,photon_id_16_Pdf = 2.02295e-05/2.50663,pileup_Pdf = 1.876e-10/2.50663,signal_pdf_Pdf = 1.62114e-09/2.50663,signal_scale_Pdf = 0.115328/2.50663)

[#0] WARNING:Minization -- RooMinimizerFcn: Minimized function has error status.
Returning maximum FCN so far (66.7161) to force MIGRAD to back out of this region. Error log follows
Parameter values: JER_16=6.99666, JES_16=6.55219, QCDZA_pdf=-6.02973, QCDZA_scale=-3.73698, QCD_stat_ele_16_bin_1=-6.75176, QCD_stat_ele_16_bin_2=-6.74327, QCD_stat_ele_16_bin_3=-6.91956, QCD_stat_ele_16_bin_4=-6.5829, QCD_stat_ele_16_bin_5=6.93753, QCD_stat_muon_16_bin_1=6.85897, QCD_stat_muon_16_bin_2=5.00773, QCD_stat_muon_16_bin_3=4.98674, QCD_stat_muon_16_bin_4=-1.67562, QCD_stat_muon_16_bin_5=-6.77937, VBS_stat_ele_16_bin_1=4.42867, VBS_stat_ele_16_bin_2=5.82737, VBS_stat_ele_16_bin_3=-4.99192, VBS_stat_ele_16_bin_4=-1.83636, VBS_stat_ele_16_bin_5=0.358812, VBS_stat_muon_16_bin_1=1.34245, VBS_stat_muon_16_bin_2=-1.74637, VBS_stat_muon_16_bin_3=-3.62923, VBS_stat_muon_16_bin_4=1.70588, VBS_stat_muon_16_bin_5=-6.44827, ele16_efficiency=6.28954, ele16_trigger=5.95567, fake_ele_16=-6.91342, fake_muon_16=6.32581, interference=2.64602, l1prefiring=6.29387, lumi=-2.49072, mu16_efficiency=-6.95649, mu16_trigger=6.85409, non_prompt_stat_ele_16_bin_1=-2.88534, non_prompt_stat_ele_16_bin_2=2.86223, non_prompt_stat_muon_16_bin_1=-3.93365, non_prompt_stat_muon_16_bin_2=-6.78918, others_stat_ele_16_bin_1=-5.57545, others_stat_ele_16_bin_2=2.97525, others_stat_ele_16_bin_3=-6.49222, others_stat_muon_16_bin_1=-0.123286, others_xs=-2.77078, param=15.6305, photon_id_16=1.68771, pileup=6.32462, signal_pdf=6.46917, signal_scale=-0.666316
RooProdPdf::model_s[ modelObs_s * nuisancePdf ]
     getLogVal() top-level p.d.f evaluates to zero @ !pdfs=(modelObs_s = 0/1,nuisancePdf = 1)

[#0] WARNING:Minization -- RooMinimizerFcn: Minimized function has error status.
Returning maximum FCN so far (608.335) to force MIGRAD to back out of this region. Error log follows
Parameter values: JER_16=6.69744, JES_16=5.10829, QCDZA_pdf=3.32588, QCDZA_scale=6.50789, QCD_stat_ele_16_bin_1=-1.78468, QCD_stat_ele_16_bin_2=3.99231, QCD_stat_ele_16_bin_3=6.99257, QCD_stat_ele_16_bin_4=-6.99459, QCD_stat_ele_16_bin_5=3.08413, QCD_stat_muon_16_bin_1=3.05301, QCD_stat_muon_16_bin_2=5.75967, QCD_stat_muon_16_bin_3=6.27724, QCD_stat_muon_16_bin_4=-2.23054, QCD_stat_muon_16_bin_5=-1.36436, VBS_stat_ele_16_bin_1=-6.71316, VBS_stat_ele_16_bin_2=1.45041, VBS_stat_ele_16_bin_3=-2.85323, VBS_stat_ele_16_bin_4=-3.77863, VBS_stat_ele_16_bin_5=3.56434, VBS_stat_muon_16_bin_1=5.29033, VBS_stat_muon_16_bin_2=-6.99714, VBS_stat_muon_16_bin_3=-6.79028, VBS_stat_muon_16_bin_4=-1.98235, VBS_stat_muon_16_bin_5=-6.54876, ele16_efficiency=-6.69377, ele16_trigger=-0.980725, fake_ele_16=-2.89882, fake_muon_16=5.5872, interference=5.7371, l1prefiring=6.40642, lumi=6.17527, mu16_efficiency=-0.0668101, mu16_trigger=6.55429, non_prompt_stat_ele_16_bin_1=-5.84871, non_prompt_stat_ele_16_bin_2=-4.87234, non_prompt_stat_muon_16_bin_1=-5.48087, non_prompt_stat_muon_16_bin_2=-5.81572, others_stat_ele_16_bin_1=-2.17244, others_stat_ele_16_bin_2=2.07148, others_stat_ele_16_bin_3=6.65529, others_stat_muon_16_bin_1=3.90807, others_xs=4.29516, param=19.6304, photon_id_16=-2.52834, pileup=0.813641, signal_pdf=-5.1209, signal_scale=-6.9906
RooProdPdf::model_s[ modelObs_s * nuisancePdf ]
     getLogVal() top-level p.d.f evaluates to zero @ !pdfs=(modelObs_s = 0/1,nuisancePdf = 1)

[#0] WARNING:Minization -- RooMinimizerFcn: Minimized function has error status.
Returning maximum FCN so far (853.894) to force MIGRAD to back out of this region. Error log follows
Parameter values: JER_16=-6.96808, JES_16=6.99371, QCDZA_pdf=5.97073, QCDZA_scale=5.71279, QCD_stat_ele_16_bin_1=2.16968, QCD_stat_ele_16_bin_2=6.39829, QCD_stat_ele_16_bin_3=0.519301, QCD_stat_ele_16_bin_4=4.62449, QCD_stat_ele_16_bin_5=6.67657, QCD_stat_muon_16_bin_1=-1.52577, QCD_stat_muon_16_bin_2=-6.97605, QCD_stat_muon_16_bin_3=4.95444, QCD_stat_muon_16_bin_4=-2.71961, QCD_stat_muon_16_bin_5=6.95563, VBS_stat_ele_16_bin_1=5.05469, VBS_stat_ele_16_bin_2=4.29012, VBS_stat_ele_16_bin_3=2.07356, VBS_stat_ele_16_bin_4=0.372507, VBS_stat_ele_16_bin_5=4.30682, VBS_stat_muon_16_bin_1=5.78549, VBS_stat_muon_16_bin_2=3.91946, VBS_stat_muon_16_bin_3=-6.3184, VBS_stat_muon_16_bin_4=6.2194, VBS_stat_muon_16_bin_5=-2.57375, ele16_efficiency=6.87051, ele16_trigger=6.59257, fake_ele_16=6.87893, fake_muon_16=6.62506, interference=2.49257, l1prefiring=6.8558, lumi=-6.81281, mu16_efficiency=2.82427, mu16_trigger=6.09645, non_prompt_stat_ele_16_bin_1=4.03499, non_prompt_stat_ele_16_bin_2=6.87696, non_prompt_stat_muon_16_bin_1=-6.80437, non_prompt_stat_muon_16_bin_2=3.01883, others_stat_ele_16_bin_1=4.08827, others_stat_ele_16_bin_2=2.62218, others_stat_ele_16_bin_3=-6.19213, others_stat_muon_16_bin_1=2.71288, others_xs=2.36498, param=20.6832, photon_id_16=-1.59443, pileup=0.525587, signal_pdf=2.57542, signal_scale=1.72859
RooProdPdf::model_s[ modelObs_s * nuisancePdf ]
     getLogVal() top-level p.d.f evaluates to zero @ !pdfs=(modelObs_s = 0/1,nuisancePdf = 1)

[#0] WARNING:Minization -- RooMinimizerFcn: Minimized function has error status.
Returning maximum FCN so far (853.894) to force MIGRAD to back out of this region. Error log follows
Parameter values: JER_16=3.49635, JES_16=-3.85109, QCDZA_pdf=5.89932, QCDZA_scale=3.16229, QCD_stat_ele_16_bin_1=-6.87443, QCD_stat_ele_16_bin_2=5.26598, QCD_stat_ele_16_bin_3=-4.09629, QCD_stat_ele_16_bin_4=-3.59554, QCD_stat_ele_16_bin_5=-3.42827, QCD_stat_muon_16_bin_1=5.58562, QCD_stat_muon_16_bin_2=-6.75306, QCD_stat_muon_16_bin_3=-6.99729, QCD_stat_muon_16_bin_4=6.97495, QCD_stat_muon_16_bin_5=6.47794, VBS_stat_ele_16_bin_1=6.55822, VBS_stat_ele_16_bin_2=-2.89407, VBS_stat_ele_16_bin_3=-6.68055, VBS_stat_ele_16_bin_4=-3.60029, VBS_stat_ele_16_bin_5=-4.26749, VBS_stat_muon_16_bin_1=2.8022, VBS_stat_muon_16_bin_2=6.96886, VBS_stat_muon_16_bin_3=-5.11508, VBS_stat_muon_16_bin_4=6.07616, VBS_stat_muon_16_bin_5=-5.24774, ele16_efficiency=-1.13455, ele16_trigger=-4.2377, fake_ele_16=6.93643, fake_muon_16=-4.69102, interference=-6.97432, l1prefiring=2.60549, lumi=5.7582, mu16_efficiency=-4.067, mu16_trigger=6.01019, non_prompt_stat_ele_16_bin_1=6.91054, non_prompt_stat_ele_16_bin_2=6.20928, non_prompt_stat_muon_16_bin_1=-6.79572, non_prompt_stat_muon_16_bin_2=0.328097, others_stat_ele_16_bin_1=6.88291, others_stat_ele_16_bin_2=-6.61015, others_stat_ele_16_bin_3=6.55009, others_stat_muon_16_bin_1=2.96492, others_xs=6.99857, param=20.3994, photon_id_16=-6.64156, pileup=2.36564, signal_pdf=6.38311, signal_scale=3.79648
RooProdPdf::nuisancePdf[ JER_16_Pdf * JES_16_Pdf * QCDZA_pdf_Pdf * QCDZA_scale_Pdf * QCD_stat_ele_16_bin_1_Pdf * QCD_stat_ele_16_bin_2_Pdf * QCD_stat_ele_16_bin_3_Pdf * QCD_stat_ele_16_bin_4_Pdf * QCD_stat_ele_16_bin_5_Pdf * QCD_stat_muon_16_bin_1_Pdf * QCD_stat_muon_16_bin_2_Pdf * QCD_stat_muon_16_bin_3_Pdf * QCD_stat_muon_16_bin_4_Pdf * QCD_stat_muon_16_bin_5_Pdf * VBS_stat_ele_16_bin_1_Pdf * VBS_stat_ele_16_bin_2_Pdf * VBS_stat_ele_16_bin_3_Pdf * VBS_stat_ele_16_bin_4_Pdf * VBS_stat_ele_16_bin_5_Pdf * VBS_stat_muon_16_bin_1_Pdf * VBS_stat_muon_16_bin_2_Pdf * VBS_stat_muon_16_bin_3_Pdf * VBS_stat_muon_16_bin_4_Pdf * VBS_stat_muon_16_bin_5_Pdf * ele16_efficiency_Pdf * ele16_trigger_Pdf * fake_ele_16_Pdf * fake_muon_16_Pdf * interference_Pdf * l1prefiring_Pdf * lumi_Pdf * mu16_efficiency_Pdf * mu16_trigger_Pdf * non_prompt_stat_ele_16_bin_1_Pdf * non_prompt_stat_ele_16_bin_2_Pdf * non_prompt_stat_muon_16_bin_1_Pdf * non_prompt_stat_muon_16_bin_2_Pdf * others_stat_ele_16_bin_1_Pdf * others_stat_ele_16_bin_2_Pdf * others_stat_ele_16_bin_3_Pdf * others_stat_muon_16_bin_1_Pdf * others_xs_Pdf * photon_id_16_Pdf * pileup_Pdf * signal_pdf_Pdf * signal_scale_Pdf ]
     getLogVal() top-level p.d.f evaluates to zero @ !pdfs=(JER_16_Pdf = 0.00795668/2.50663,JES_16_Pdf = 8.77887e-05/2.50663,QCDZA_pdf_Pdf = 1.11322e-09/2.50663,QCDZA_scale_Pdf = 0.000290855/2.50663,QCD_stat_ele_16_bin_1_Pdf = 8.82913e-08/2.50663,QCD_stat_ele_16_bin_2_Pdf = 4.87074e-07/2.50663,QCD_stat_ele_16_bin_3_Pdf = 0.00245021/2.50663,QCD_stat_ele_16_bin_4_Pdf = 0.00194183/2.50663,QCD_stat_ele_16_bin_5_Pdf = 0.0055732/2.50663,QCD_stat_muon_16_bin_1_Pdf = 1.1037e-11/2.50663,QCD_stat_muon_16_bin_2_Pdf = 7.01306e-16/2.50663,QCD_stat_muon_16_bin_3_Pdf = 1.20828e-10/2.50663,QCD_stat_muon_16_bin_4_Pdf = 5.6749e-13/2.50663,QCD_stat_muon_16_bin_5_Pdf = 1.15266e-06/2.50663,VBS_stat_ele_16_bin_1_Pdf = 4.92805e-12/2.50663,VBS_stat_ele_16_bin_2_Pdf = 5.52176e-05/2.50663,VBS_stat_ele_16_bin_3_Pdf = 2.15502e-12/2.50663,VBS_stat_ele_16_bin_4_Pdf = 0.000361169/2.50663,VBS_stat_ele_16_bin_5_Pdf = 0.000935596/2.50663,VBS_stat_muon_16_bin_1_Pdf = 0.000691861/2.50663,VBS_stat_muon_16_bin_2_Pdf = 8.69278e-07/2.50663,VBS_stat_muon_16_bin_3_Pdf = 6.10772e-05/2.50663,VBS_stat_muon_16_bin_4_Pdf = 1.44973e-05/2.50663,VBS_stat_muon_16_bin_5_Pdf = 0.00202615/2.50663,ele16_efficiency_Pdf = 0.653687/2.50663,ele16_trigger_Pdf = 0.00014994/2.50663,fake_ele_16_Pdf = 7.6222e-12/2.50663,fake_muon_16_Pdf = 1.13067e-05/2.50663,interference_Pdf = 7.35946e-09/2.50663,l1prefiring_Pdf = 0.250461/2.50663,lumi_Pdf = 2.46799e-06/2.50663,mu16_efficiency_Pdf = 0.0115028/2.50663,mu16_trigger_Pdf = 1.55564e-09/2.50663,non_prompt_stat_ele_16_bin_1_Pdf = 2.55255e-06/2.50663,non_prompt_stat_ele_16_bin_2_Pdf = 3.53939e-05/2.50663,non_prompt_stat_muon_16_bin_1_Pdf = 1.33862e-14/2.50663,non_prompt_stat_muon_16_bin_2_Pdf = 0.962478/2.50663,others_stat_ele_16_bin_1_Pdf = 1.63767e-12/2.50663,others_stat_ele_16_bin_2_Pdf = 2.14147e-12/2.50663,others_stat_ele_16_bin_3_Pdf = 2.8012e-18/2.50662,others_stat_muon_16_bin_1_Pdf = 0.000621874/2.50663,others_xs_Pdf = 7.72721e-14/2.50663,photon_id_16_Pdf = 1.69928e-15/2.50663,pileup_Pdf = 0.00267474/2.50663,signal_pdf_Pdf = 6.09298e-10/2.50663,signal_scale_Pdf = 2.21226e-07/2.50663)

[#0] WARNING:Minization -- RooMinimizerFcn: Minimized function has error status.
Returning maximum FCN so far (853.894) to force MIGRAD to back out of this region. Error log follows
Parameter values: JER_16=2.89319, JES_16=5.52763, QCDZA_pdf=-0.324026, QCDZA_scale=4.98293, QCD_stat_ele_16_bin_1=-4.44686, QCD_stat_ele_16_bin_2=2.67322, QCD_stat_ele_16_bin_3=-2.37625, QCD_stat_ele_16_bin_4=-0.536909, QCD_stat_ele_16_bin_5=-6.70957, QCD_stat_muon_16_bin_1=4.46271, QCD_stat_muon_16_bin_2=5.68974, QCD_stat_muon_16_bin_3=-5.92587, QCD_stat_muon_16_bin_4=1.36512, QCD_stat_muon_16_bin_5=6.70875, VBS_stat_ele_16_bin_1=-1.60243, VBS_stat_ele_16_bin_2=1.86253, VBS_stat_ele_16_bin_3=-1.07307, VBS_stat_ele_16_bin_4=0.107327, VBS_stat_ele_16_bin_5=6.42722, VBS_stat_muon_16_bin_1=-0.0069296, VBS_stat_muon_16_bin_2=1.89925, VBS_stat_muon_16_bin_3=-6.23843, VBS_stat_muon_16_bin_4=4.4511, VBS_stat_muon_16_bin_5=-2.74887, ele16_efficiency=-0.544094, ele16_trigger=-0.333305, fake_ele_16=-3.85443, fake_muon_16=-5.99292, interference=-0.225593, l1prefiring=2.0864, lumi=3.42982, mu16_efficiency=-0.428351, mu16_trigger=2.74017, non_prompt_stat_ele_16_bin_1=0.958878, non_prompt_stat_ele_16_bin_2=2.64598, non_prompt_stat_muon_16_bin_1=4.75656, non_prompt_stat_muon_16_bin_2=2.15599, others_stat_ele_16_bin_1=-1.27301, others_stat_ele_16_bin_2=1.31179, others_stat_ele_16_bin_3=-5.95831, others_stat_muon_16_bin_1=-0.401091, others_xs=-0.894305, param=20.7254, photon_id_16=4.14619, pileup=-1.01317, signal_pdf=2.34288, signal_scale=-6.56336
RooProdPdf::model_s[ modelObs_s * nuisancePdf ]
     getLogVal() top-level p.d.f evaluates to zero @ !pdfs=(modelObs_s = 0/1,nuisancePdf = 1)

[#0] WARNING:Minization -- RooMinimizerFcn: Minimized function has error status.
Returning maximum FCN so far (58.475) to force MIGRAD to back out of this region. Error log follows
Parameter values: JER_16=3.60934, JES_16=6.13285, QCDZA_pdf=0.524299, QCDZA_scale=2.62449, QCD_stat_ele_16_bin_1=0.996707, QCD_stat_ele_16_bin_2=-0.315831, QCD_stat_ele_16_bin_3=0.164277, QCD_stat_ele_16_bin_4=-0.229404, QCD_stat_ele_16_bin_5=0.949677, QCD_stat_muon_16_bin_1=2.58449, QCD_stat_muon_16_bin_2=1.56979, QCD_stat_muon_16_bin_3=2.80546, QCD_stat_muon_16_bin_4=2.71165, QCD_stat_muon_16_bin_5=-4.7365, VBS_stat_ele_16_bin_1=0.966888, VBS_stat_ele_16_bin_2=-0.408674, VBS_stat_ele_16_bin_3=-0.0140402, VBS_stat_ele_16_bin_4=0.150626, VBS_stat_ele_16_bin_5=-0.0961553, VBS_stat_muon_16_bin_1=1.13491, VBS_stat_muon_16_bin_2=0.817387, VBS_stat_muon_16_bin_3=1.25005, VBS_stat_muon_16_bin_4=0.0254916, VBS_stat_muon_16_bin_5=2.14542, ele16_efficiency=-0.562656, ele16_trigger=-0.500803, fake_ele_16=2.48447, fake_muon_16=6.92864, interference=1.13232, l1prefiring=1.39276, lumi=2.08463, mu16_efficiency=0.669643, mu16_trigger=1.85195, non_prompt_stat_ele_16_bin_1=-0.129996, non_prompt_stat_ele_16_bin_2=-0.490354, non_prompt_stat_muon_16_bin_1=2.11788, non_prompt_stat_muon_16_bin_2=-0.649272, others_stat_ele_16_bin_1=0.71545, others_stat_ele_16_bin_2=-0.534928, others_stat_ele_16_bin_3=-0.504055, others_stat_muon_16_bin_1=0.871957, others_xs=0.0684923, param=11.4959, photon_id_16=2.47147, pileup=-0.176002, signal_pdf=-0.326167, signal_scale=1.50053
RooProdPdf::model_s[ modelObs_s * nuisancePdf ]
     getLogVal() top-level p.d.f evaluates to zero @ !pdfs=(modelObs_s = 0/1,nuisancePdf = 1)


 -- Hybrid New -- 
CLs = 0.803922 +/- 0.042938
Done in 10.82 min (cpu), 10.82 min (real)
