 <<< Combine >>> 
>>> including systematics
>>> using the Profile Likelihood test statistics modified for upper limits (Q_LHC)
>>> method used is HybridNew
>>> Used OpenSSL to get a really random seed -815192634
Computing results starting from observation (a-posteriori)

 -- Hybrid New -- 
CLs = 0.579897 +/- 0.0399823
Done in 10.48 min (cpu), 10.48 min (real)
