 <<< Combine >>> 
>>> including systematics
>>> using the Profile Likelihood test statistics modified for upper limits (Q_LHC)
>>> method used is HybridNew
>>> Used OpenSSL to get a really random seed -1440823376
Computing results starting from observation (a-posteriori)

 -- Hybrid New -- 
CLs = 0.430412 +/- 0.0341556
Done in 10.18 min (cpu), 10.18 min (real)
