 <<< Combine >>> 
>>> including systematics
>>> using the Profile Likelihood test statistics modified for upper limits (Q_LHC)
>>> method used is HybridNew
>>> Used OpenSSL to get a really random seed 887141994
Computing results starting from observation (a-posteriori)

 -- Hybrid New -- 
CLs = 0.0046729 +/- 0.00330207
Done in 13.74 min (cpu), 13.78 min (real)
