 <<< Combine >>> 
>>> including systematics
>>> using the Profile Likelihood test statistics modified for upper limits (Q_LHC)
>>> method used is HybridNew
>>> Used OpenSSL to get a really random seed 1825859545
Computing results starting from observation (a-posteriori)

 -- Hybrid New -- 
CLs = 0.0241935 +/- 0.00809179
Done in 9.04 min (cpu), 9.05 min (real)
