 <<< Combine >>> 
>>> including systematics
>>> using the Profile Likelihood test statistics modified for upper limits (Q_LHC)
>>> method used is HybridNew
>>> Used OpenSSL to get a really random seed 2024949602
Computing results starting from observation (a-posteriori)
[#0] WARNING:Minization -- RooMinimizerFcn: Minimized function has error status.
Returning maximum FCN so far (625.002) to force MIGRAD to back out of this region. Error log follows
Parameter values: JER_16=5.93625, JES_16=4.22735, QCDZA_pdf=-1.0331, QCDZA_scale=6.47943, QCD_stat_ele_16_bin_1=2.42043, QCD_stat_ele_16_bin_2=-0.749761, QCD_stat_ele_16_bin_3=-2.38592, QCD_stat_ele_16_bin_4=-1.76046, QCD_stat_ele_16_bin_5=-2.23761, QCD_stat_muon_16_bin_1=3.83998, QCD_stat_muon_16_bin_2=1.27636, QCD_stat_muon_16_bin_3=-2.70833, QCD_stat_muon_16_bin_4=0.523126, QCD_stat_muon_16_bin_5=-0.598717, VBS_stat_ele_16_bin_1=-2.48293, VBS_stat_ele_16_bin_2=-4.8759, VBS_stat_ele_16_bin_3=0.795306, VBS_stat_ele_16_bin_4=-1.19767, VBS_stat_ele_16_bin_5=1.46395, VBS_stat_muon_16_bin_1=0.491379, VBS_stat_muon_16_bin_2=3.30022, VBS_stat_muon_16_bin_3=4.75632, VBS_stat_muon_16_bin_4=1.80058, VBS_stat_muon_16_bin_5=1.78868, ele16_efficiency=0.923374, ele16_trigger=0.239502, fake_ele_16=5.59211, fake_muon_16=6.92251, interference=0.479332, l1prefiring=0.117893, lumi=4.13698, mu16_efficiency=-0.798286, mu16_trigger=3.32082, non_prompt_stat_ele_16_bin_1=5.09148, non_prompt_stat_ele_16_bin_2=-0.197961, non_prompt_stat_muon_16_bin_1=3.57211, non_prompt_stat_muon_16_bin_2=2.73603, others_stat_ele_16_bin_1=1.66487, others_stat_ele_16_bin_2=1.04693, others_stat_ele_16_bin_3=-2.21334, others_stat_muon_16_bin_1=-2.09263, others_xs=-2.6941, param=0.977792, photon_id_16=4.36584, pileup=-5.63053, signal_pdf=2.24795, signal_scale=-0.801858
RooProdPdf::model_s[ modelObs_s * nuisancePdf ]
     getLogVal() top-level p.d.f evaluates to zero @ !pdfs=(modelObs_s = 0/1,nuisancePdf = 1)

[#0] WARNING:Minization -- RooMinimizerFcn: Minimized function has error status.
Returning maximum FCN so far (636.622) to force MIGRAD to back out of this region. Error log follows
Parameter values: JER_16=3.70823, JES_16=6.52261, QCDZA_pdf=-0.912712, QCDZA_scale=3.9794, QCD_stat_ele_16_bin_1=1.07565, QCD_stat_ele_16_bin_2=-0.884968, QCD_stat_ele_16_bin_3=-1.73555, QCD_stat_ele_16_bin_4=-1.30704, QCD_stat_ele_16_bin_5=-1.66361, QCD_stat_muon_16_bin_1=2.38526, QCD_stat_muon_16_bin_2=0.498311, QCD_stat_muon_16_bin_3=-2.03258, QCD_stat_muon_16_bin_4=0.255474, QCD_stat_muon_16_bin_5=-0.579388, VBS_stat_ele_16_bin_1=-2.00649, VBS_stat_ele_16_bin_2=-3.91098, VBS_stat_ele_16_bin_3=0.529789, VBS_stat_ele_16_bin_4=-0.868017, VBS_stat_ele_16_bin_5=1.08277, VBS_stat_muon_16_bin_1=0.0693167, VBS_stat_muon_16_bin_2=2.31804, VBS_stat_muon_16_bin_3=3.70505, VBS_stat_muon_16_bin_4=1.25677, VBS_stat_muon_16_bin_5=1.51365, ele16_efficiency=0.396002, ele16_trigger=-0.0614765, fake_ele_16=2.9719, fake_muon_16=4.9285, interference=0.233484, l1prefiring=-0.187338, lumi=2.44776, mu16_efficiency=-0.652987, mu16_trigger=2.15519, non_prompt_stat_ele_16_bin_1=3.62498, non_prompt_stat_ele_16_bin_2=-0.171592, non_prompt_stat_muon_16_bin_1=1.71166, non_prompt_stat_muon_16_bin_2=1.73738, others_stat_ele_16_bin_1=1.00021, others_stat_ele_16_bin_2=0.707278, others_stat_ele_16_bin_3=-1.63597, others_stat_muon_16_bin_1=-1.68115, others_xs=-2.0718, param=0.521316, photon_id_16=2.507, pileup=-4.68953, signal_pdf=1.54609, signal_scale=-0.978603
RooProdPdf::model_s[ modelObs_s * nuisancePdf ]
     getLogVal() top-level p.d.f evaluates to zero @ !pdfs=(modelObs_s = 0/1,nuisancePdf = 1)

[#0] WARNING:Minization -- RooMinimizerFcn: Minimized function has error status.
Returning maximum FCN so far (636.622) to force MIGRAD to back out of this region. Error log follows
Parameter values: JER_16=2.33652, JES_16=6.36313, QCDZA_pdf=0.861114, QCDZA_scale=2.03614, QCD_stat_ele_16_bin_1=5.36559, QCD_stat_ele_16_bin_2=1.79874, QCD_stat_ele_16_bin_3=-1.27605, QCD_stat_ele_16_bin_4=-0.705564, QCD_stat_ele_16_bin_5=-1.21827, QCD_stat_muon_16_bin_1=6.92208, QCD_stat_muon_16_bin_2=3.87538, QCD_stat_muon_16_bin_3=-1.33097, QCD_stat_muon_16_bin_4=0.998533, QCD_stat_muon_16_bin_5=0.37814, VBS_stat_ele_16_bin_1=-1.21066, VBS_stat_ele_16_bin_2=-3.79294, VBS_stat_ele_16_bin_3=0.764147, VBS_stat_ele_16_bin_4=-0.644029, VBS_stat_ele_16_bin_5=4.7101, VBS_stat_muon_16_bin_1=1.17028, VBS_stat_muon_16_bin_2=2.57834, VBS_stat_muon_16_bin_3=3.76737, VBS_stat_muon_16_bin_4=1.25332, VBS_stat_muon_16_bin_5=6.97764, ele16_efficiency=2.43337, ele16_trigger=1.81103, fake_ele_16=6.4668, fake_muon_16=-3.60998, interference=1.41425, l1prefiring=2.60947, lumi=6.72159, mu16_efficiency=0.405072, mu16_trigger=4.97505, non_prompt_stat_ele_16_bin_1=4.52042, non_prompt_stat_ele_16_bin_2=0.0154316, non_prompt_stat_muon_16_bin_1=4.94687, non_prompt_stat_muon_16_bin_2=2.48499, others_stat_ele_16_bin_1=1.47948, others_stat_ele_16_bin_2=0.787883, others_stat_ele_16_bin_3=-1.35856, others_stat_muon_16_bin_1=-0.984898, others_xs=-1.5455, param=1.30955, photon_id_16=6.97814, pileup=-4.98321, signal_pdf=3.81939, signal_scale=2.30925
RooProdPdf::model_s[ modelObs_s * nuisancePdf ]
     getLogVal() top-level p.d.f evaluates to zero @ !pdfs=(modelObs_s = 0/1,nuisancePdf = 1)

[#0] WARNING:Minization -- RooMinimizerFcn: Minimized function has error status.
Returning maximum FCN so far (697.799) to force MIGRAD to back out of this region. Error log follows
Parameter values: JER_16=4.93626, JES_16=6.44609, QCDZA_pdf=-0.201289, QCDZA_scale=5.18721, QCD_stat_ele_16_bin_1=1.82722, QCD_stat_ele_16_bin_2=-0.129391, QCD_stat_ele_16_bin_3=-0.995952, QCD_stat_ele_16_bin_4=-0.757632, QCD_stat_ele_16_bin_5=-0.979953, QCD_stat_muon_16_bin_1=2.96015, QCD_stat_muon_16_bin_2=1.10581, QCD_stat_muon_16_bin_3=-1.12378, QCD_stat_muon_16_bin_4=0.386977, QCD_stat_muon_16_bin_5=-0.275222, VBS_stat_ele_16_bin_1=-0.992615, VBS_stat_ele_16_bin_2=-2.20852, VBS_stat_ele_16_bin_3=0.331372, VBS_stat_ele_16_bin_4=-0.501975, VBS_stat_ele_16_bin_5=1.35405, VBS_stat_muon_16_bin_1=0.387435, VBS_stat_muon_16_bin_2=1.51815, VBS_stat_muon_16_bin_3=2.15677, VBS_stat_muon_16_bin_4=0.796981, VBS_stat_muon_16_bin_5=2.66948, ele16_efficiency=0.668003, ele16_trigger=0.343748, fake_ele_16=3.91948, fake_muon_16=6.16755, interference=0.404614, l1prefiring=0.491838, lumi=2.84845, mu16_efficiency=-0.177666, mu16_trigger=2.05345, non_prompt_stat_ele_16_bin_1=2.57704, non_prompt_stat_ele_16_bin_2=-0.080535, non_prompt_stat_muon_16_bin_1=2.20753, non_prompt_stat_muon_16_bin_2=1.34773, others_stat_ele_16_bin_1=0.806832, others_stat_ele_16_bin_2=0.453309, others_stat_ele_16_bin_3=-0.947175, others_stat_muon_16_bin_1=-0.836446, others_xs=-1.12309, param=0.229892, photon_id_16=3.14496, pileup=-2.60878, signal_pdf=1.43959, signal_scale=0.140176
RooProdPdf::model_s[ modelObs_s * nuisancePdf ]
     getLogVal() top-level p.d.f evaluates to zero @ !pdfs=(modelObs_s = 0/1,nuisancePdf = 1)

[#0] WARNING:Minization -- RooMinimizerFcn: Minimized function has error status.
Returning maximum FCN so far (697.799) to force MIGRAD to back out of this region. Error log follows
Parameter values: JER_16=4.14176, JES_16=6.9966, QCDZA_pdf=-0.311992, QCDZA_scale=4.37355, QCD_stat_ele_16_bin_1=1.47909, QCD_stat_ele_16_bin_2=-0.286114, QCD_stat_ele_16_bin_3=-1.0097, QCD_stat_ele_16_bin_4=-0.776025, QCD_stat_ele_16_bin_5=-0.991226, QCD_stat_muon_16_bin_1=2.45328, QCD_stat_muon_16_bin_2=0.855816, QCD_stat_muon_16_bin_3=-1.14942, QCD_stat_muon_16_bin_4=0.336251, QCD_stat_muon_16_bin_5=-0.329149, VBS_stat_ele_16_bin_1=-1.02854, VBS_stat_ele_16_bin_2=-2.22598, VBS_stat_ele_16_bin_3=0.316621, VBS_stat_ele_16_bin_4=-0.505458, VBS_stat_ele_16_bin_5=1.13102, VBS_stat_muon_16_bin_1=0.316584, VBS_stat_muon_16_bin_2=1.48395, VBS_stat_muon_16_bin_3=2.15488, VBS_stat_muon_16_bin_4=0.78495, VBS_stat_muon_16_bin_5=2.16657, ele16_efficiency=0.535623, ele16_trigger=0.228012, fake_ele_16=3.27069, fake_muon_16=5.34066, interference=0.336039, l1prefiring=0.315026, lumi=2.44651, mu16_efficiency=-0.237495, mu16_trigger=1.82971, non_prompt_stat_ele_16_bin_1=2.49678, non_prompt_stat_ele_16_bin_2=-0.0883491, non_prompt_stat_muon_16_bin_1=1.95967, non_prompt_stat_muon_16_bin_2=1.28231, others_stat_ele_16_bin_1=0.764948, others_stat_ele_16_bin_2=0.442095, others_stat_ele_16_bin_3=-0.95054, others_stat_muon_16_bin_1=-0.867399, others_xs=-1.14154, param=0.389423, photon_id_16=2.67109, pileup=-2.6382, signal_pdf=1.29476, signal_scale=-0.0409566
RooProdPdf::model_s[ modelObs_s * nuisancePdf ]
     getLogVal() top-level p.d.f evaluates to zero @ !pdfs=(modelObs_s = 0/1,nuisancePdf = 1)

[#0] WARNING:Minization -- RooMinimizerFcn: Minimized function has error status.
Returning maximum FCN so far (697.799) to force MIGRAD to back out of this region. Error log follows
Parameter values: JER_16=4.36521, JES_16=6.9822, QCDZA_pdf=-0.288805, QCDZA_scale=4.57024, QCD_stat_ele_16_bin_1=1.55957, QCD_stat_ele_16_bin_2=-0.255278, QCD_stat_ele_16_bin_3=-1.00576, QCD_stat_ele_16_bin_4=-0.774734, QCD_stat_ele_16_bin_5=-0.991714, QCD_stat_muon_16_bin_1=2.57335, QCD_stat_muon_16_bin_2=0.909571, QCD_stat_muon_16_bin_3=-1.1455, QCD_stat_muon_16_bin_4=0.350206, QCD_stat_muon_16_bin_5=-0.317937, VBS_stat_ele_16_bin_1=-1.0265, VBS_stat_ele_16_bin_2=-2.23253, VBS_stat_ele_16_bin_3=0.319992, VBS_stat_ele_16_bin_4=-0.50624, VBS_stat_ele_16_bin_5=1.21581, VBS_stat_muon_16_bin_1=0.329247, VBS_stat_muon_16_bin_2=1.49481, VBS_stat_muon_16_bin_3=2.16383, VBS_stat_muon_16_bin_4=0.788506, VBS_stat_muon_16_bin_5=2.39699, ele16_efficiency=0.568347, ele16_trigger=0.255876, fake_ele_16=3.42106, fake_muon_16=5.55182, interference=0.35799, l1prefiring=0.360406, lumi=2.55476, mu16_efficiency=-0.222809, mu16_trigger=1.89349, non_prompt_stat_ele_16_bin_1=2.51574, non_prompt_stat_ele_16_bin_2=-0.0874579, non_prompt_stat_muon_16_bin_1=2.00096, non_prompt_stat_muon_16_bin_2=1.29578, others_stat_ele_16_bin_1=0.773558, others_stat_ele_16_bin_2=0.44528, others_stat_ele_16_bin_3=-0.953182, others_stat_muon_16_bin_1=-0.865339, others_xs=-1.14258, param=0.255608, photon_id_16=2.79797, pileup=-2.64557, signal_pdf=1.35112, signal_scale=0.00812131
RooProdPdf::model_s[ modelObs_s * nuisancePdf ]
     getLogVal() top-level p.d.f evaluates to zero @ !pdfs=(modelObs_s = 0/1,nuisancePdf = 1)

[#0] WARNING:Minization -- RooMinimizerFcn: Minimized function has error status.
Returning maximum FCN so far (793.822) to force MIGRAD to back out of this region. Error log follows
Parameter values: JER_16=3.92957, JES_16=6.99726, QCDZA_pdf=-0.301148, QCDZA_scale=4.55079, QCD_stat_ele_16_bin_1=1.58849, QCD_stat_ele_16_bin_2=-0.244946, QCD_stat_ele_16_bin_3=-1.02009, QCD_stat_ele_16_bin_4=-0.776308, QCD_stat_ele_16_bin_5=-1.00191, QCD_stat_muon_16_bin_1=2.50604, QCD_stat_muon_16_bin_2=0.906302, QCD_stat_muon_16_bin_3=-1.14914, QCD_stat_muon_16_bin_4=0.349863, QCD_stat_muon_16_bin_5=-0.311369, VBS_stat_ele_16_bin_1=-1.02119, VBS_stat_ele_16_bin_2=-2.25666, VBS_stat_ele_16_bin_3=0.333916, VBS_stat_ele_16_bin_4=-0.513644, VBS_stat_ele_16_bin_5=0.698032, VBS_stat_muon_16_bin_1=0.365524, VBS_stat_muon_16_bin_2=1.53031, VBS_stat_muon_16_bin_3=2.19636, VBS_stat_muon_16_bin_4=0.801148, VBS_stat_muon_16_bin_5=1.28079, ele16_efficiency=0.533042, ele16_trigger=0.221904, fake_ele_16=3.48219, fake_muon_16=5.44751, interference=0.28704, l1prefiring=0.281547, lumi=2.39042, mu16_efficiency=-0.25831, mu16_trigger=1.79234, non_prompt_stat_ele_16_bin_1=2.59244, non_prompt_stat_ele_16_bin_2=-0.0845397, non_prompt_stat_muon_16_bin_1=2.12247, non_prompt_stat_muon_16_bin_2=1.34316, others_stat_ele_16_bin_1=0.805666, others_stat_ele_16_bin_2=0.457193, others_stat_ele_16_bin_3=-0.964638, others_stat_muon_16_bin_1=-0.864324, others_xs=-1.14945, param=0.163329, photon_id_16=2.60063, pileup=-2.68903, signal_pdf=1.12085, signal_scale=-0.120858
RooProdPdf::model_s[ modelObs_s * nuisancePdf ]
     getLogVal() top-level p.d.f evaluates to zero @ !pdfs=(modelObs_s = 0/1,nuisancePdf = 1)

[#0] WARNING:Minization -- RooMinimizerFcn: Minimized function has error status.
Returning maximum FCN so far (793.822) to force MIGRAD to back out of this region. Error log follows
Parameter values: JER_16=4.17161, JES_16=6.98007, QCDZA_pdf=-0.332491, QCDZA_scale=4.18186, QCD_stat_ele_16_bin_1=1.36764, QCD_stat_ele_16_bin_2=-0.36702, QCD_stat_ele_16_bin_3=-0.980244, QCD_stat_ele_16_bin_4=-0.78669, QCD_stat_ele_16_bin_5=-0.992979, QCD_stat_muon_16_bin_1=2.41104, QCD_stat_muon_16_bin_2=0.783693, QCD_stat_muon_16_bin_3=-1.14225, QCD_stat_muon_16_bin_4=0.332838, QCD_stat_muon_16_bin_5=-0.348811, VBS_stat_ele_16_bin_1=-1.06335, VBS_stat_ele_16_bin_2=-2.23369, VBS_stat_ele_16_bin_3=0.305257, VBS_stat_ele_16_bin_4=-0.504888, VBS_stat_ele_16_bin_5=1.35598, VBS_stat_muon_16_bin_1=0.251425, VBS_stat_muon_16_bin_2=1.45129, VBS_stat_muon_16_bin_3=2.14991, VBS_stat_muon_16_bin_4=0.770541, VBS_stat_muon_16_bin_5=2.59279, ele16_efficiency=0.508198, ele16_trigger=0.204701, fake_ele_16=3.03068, fake_muon_16=5.22272, interference=0.346093, l1prefiring=0.30255, lumi=2.40953, mu16_efficiency=-0.237321, mu16_trigger=1.82391, non_prompt_stat_ele_16_bin_1=2.39761, non_prompt_stat_ele_16_bin_2=-0.0978745, non_prompt_stat_muon_16_bin_1=1.70979, non_prompt_stat_muon_16_bin_2=1.21055, others_stat_ele_16_bin_1=0.716125, others_stat_ele_16_bin_2=0.42911, others_stat_ele_16_bin_3=-0.950283, others_stat_muon_16_bin_1=-0.893092, others_xs=-1.15664, param=0.18177, photon_id_16=2.6265, pileup=-2.64031, signal_pdf=1.37281, signal_scale=-0.0550075
RooProdPdf::model_s[ modelObs_s * nuisancePdf ]
     getLogVal() top-level p.d.f evaluates to zero @ !pdfs=(modelObs_s = 0/1,nuisancePdf = 1)

[#0] WARNING:Minization -- RooMinimizerFcn: Minimized function has error status.
Returning maximum FCN so far (793.822) to force MIGRAD to back out of this region. Error log follows
Parameter values: JER_16=1.36743, JES_16=6.24789, QCDZA_pdf=3.59442, QCDZA_scale=5.79442, QCD_stat_ele_16_bin_1=2.44926, QCD_stat_ele_16_bin_2=6.49049, QCD_stat_ele_16_bin_3=-1.85147, QCD_stat_ele_16_bin_4=0.0608871, QCD_stat_ele_16_bin_5=-0.926105, QCD_stat_muon_16_bin_1=1.70519, QCD_stat_muon_16_bin_2=6.98221, QCD_stat_muon_16_bin_3=-0.781183, QCD_stat_muon_16_bin_4=2.14439, QCD_stat_muon_16_bin_5=2.32267, VBS_stat_ele_16_bin_1=1.44717, VBS_stat_ele_16_bin_2=-2.39603, VBS_stat_ele_16_bin_3=1.45244, VBS_stat_ele_16_bin_4=-0.710985, VBS_stat_ele_16_bin_5=-5.27974, VBS_stat_muon_16_bin_1=5.24635, VBS_stat_muon_16_bin_2=4.54542, VBS_stat_muon_16_bin_3=3.39443, VBS_stat_muon_16_bin_4=1.92555, VBS_stat_muon_16_bin_5=6.9678, ele16_efficiency=4.53534, ele16_trigger=3.72801, fake_ele_16=-1.4923, fake_muon_16=6.85927, interference=-0.196163, l1prefiring=3.80829, lumi=6.85008, mu16_efficiency=0.519344, mu16_trigger=5.41827, non_prompt_stat_ele_16_bin_1=6.97843, non_prompt_stat_ele_16_bin_2=0.579029, non_prompt_stat_muon_16_bin_1=-0.652043, non_prompt_stat_muon_16_bin_2=6.07219, others_stat_ele_16_bin_1=4.49841, others_stat_ele_16_bin_2=1.63033, others_stat_ele_16_bin_3=-1.28491, others_stat_muon_16_bin_1=0.936754, others_xs=-0.317601, param=0.043198, photon_id_16=6.10722, pileup=-3.35328, signal_pdf=-4.04317, signal_scale=1.722
RooProdPdf::model_s[ modelObs_s * nuisancePdf ]
     getLogVal() top-level p.d.f evaluates to zero @ !pdfs=(modelObs_s = 0/1,nuisancePdf = 1)

[#0] WARNING:Minization -- RooMinimizerFcn: Minimized function has error status.
Returning maximum FCN so far (793.822) to force MIGRAD to back out of this region. Error log follows
Parameter values: JER_16=3.09596, JES_16=6.99867, QCDZA_pdf=-0.256116, QCDZA_scale=5.15969, QCD_stat_ele_16_bin_1=2.11485, QCD_stat_ele_16_bin_2=0.0601974, QCD_stat_ele_16_bin_3=-1.14404, QCD_stat_ele_16_bin_4=-0.765686, QCD_stat_ele_16_bin_5=-1.02808, QCD_stat_muon_16_bin_1=2.53631, QCD_stat_muon_16_bin_2=1.11093, QCD_stat_muon_16_bin_3=-1.21313, QCD_stat_muon_16_bin_4=0.35625, QCD_stat_muon_16_bin_5=-0.245921, VBS_stat_ele_16_bin_1=-0.921356, VBS_stat_ele_16_bin_2=-2.29951, VBS_stat_ele_16_bin_3=0.36746, VBS_stat_ele_16_bin_4=-0.539649, VBS_stat_ele_16_bin_5=-0.839059, VBS_stat_muon_16_bin_1=0.609681, VBS_stat_muon_16_bin_2=1.69339, VBS_stat_muon_16_bin_3=2.26633, VBS_stat_muon_16_bin_4=0.860754, VBS_stat_muon_16_bin_5=-1.78949, ele16_efficiency=0.583731, ele16_trigger=0.25592, fake_ele_16=4.49789, fake_muon_16=5.61777, interference=0.124977, l1prefiring=0.184344, lumi=2.23475, mu16_efficiency=-0.329369, mu16_trigger=1.63404, non_prompt_stat_ele_16_bin_1=3.0195, non_prompt_stat_ele_16_bin_2=-0.0514333, non_prompt_stat_muon_16_bin_1=2.99196, non_prompt_stat_muon_16_bin_2=1.63043, others_stat_ele_16_bin_1=1.02082, others_stat_ele_16_bin_2=0.52117, others_stat_ele_16_bin_3=-1.00089, others_stat_muon_16_bin_1=-0.807446, others_xs=-1.13202, param=0.172649, photon_id_16=2.40799, pileup=-2.77186, signal_pdf=0.491689, signal_scale=-0.352675
RooProdPdf::model_s[ modelObs_s * nuisancePdf ]
     getLogVal() top-level p.d.f evaluates to zero @ !pdfs=(modelObs_s = 0/1,nuisancePdf = 1)

[#0] WARNING:Minization -- RooMinimizerFcn: Minimized function has error status.
Returning maximum FCN so far (793.822) to force MIGRAD to back out of this region. Error log follows
Parameter values: JER_16=3.15857, JES_16=6.70977, QCDZA_pdf=-0.367795, QCDZA_scale=4.14942, QCD_stat_ele_16_bin_1=2.05907, QCD_stat_ele_16_bin_2=0.0379802, QCD_stat_ele_16_bin_3=-1.15934, QCD_stat_ele_16_bin_4=-0.817334, QCD_stat_ele_16_bin_5=-1.01786, QCD_stat_muon_16_bin_1=1.74565, QCD_stat_muon_16_bin_2=0.624769, QCD_stat_muon_16_bin_3=-1.33224, QCD_stat_muon_16_bin_4=0.195322, QCD_stat_muon_16_bin_5=-0.372002, VBS_stat_ele_16_bin_1=-0.975576, VBS_stat_ele_16_bin_2=-2.23036, VBS_stat_ele_16_bin_3=0.220838, VBS_stat_ele_16_bin_4=-0.534912, VBS_stat_ele_16_bin_5=0.385583, VBS_stat_muon_16_bin_1=0.267908, VBS_stat_muon_16_bin_2=1.4603, VBS_stat_muon_16_bin_3=2.08949, VBS_stat_muon_16_bin_4=0.767259, VBS_stat_muon_16_bin_5=1.14345, ele16_efficiency=0.59615, ele16_trigger=0.277098, fake_ele_16=4.38696, fake_muon_16=3.9435, interference=0.169206, l1prefiring=0.114917, lumi=2.01932, mu16_efficiency=-0.354405, mu16_trigger=1.43739, non_prompt_stat_ele_16_bin_1=2.65447, non_prompt_stat_ele_16_bin_2=-0.0647697, non_prompt_stat_muon_16_bin_1=1.84276, non_prompt_stat_muon_16_bin_2=1.26958, others_stat_ele_16_bin_1=0.88792, others_stat_ele_16_bin_2=0.46756, others_stat_ele_16_bin_3=-0.977354, others_stat_muon_16_bin_1=-0.90901, others_xs=-1.13745, param=0.129708, photon_id_16=2.15859, pileup=-2.63588, signal_pdf=0.892954, signal_scale=-0.460557
RooProdPdf::model_s[ modelObs_s * nuisancePdf ]
     getLogVal() top-level p.d.f evaluates to zero @ !pdfs=(modelObs_s = 0/1,nuisancePdf = 1)

[#0] WARNING:Minization -- RooMinimizerFcn: Minimized function has error status.
Returning maximum FCN so far (793.822) to force MIGRAD to back out of this region. Error log follows
Parameter values: JER_16=3.51293, JES_16=4.72755, QCDZA_pdf=-0.550235, QCDZA_scale=1.79306, QCD_stat_ele_16_bin_1=-3.33203, QCD_stat_ele_16_bin_2=-2.60969, QCD_stat_ele_16_bin_3=-0.659665, QCD_stat_ele_16_bin_4=-0.772665, QCD_stat_ele_16_bin_5=-1.0083, QCD_stat_muon_16_bin_1=4.35761, QCD_stat_muon_16_bin_2=1.28953, QCD_stat_muon_16_bin_3=-0.75788, QCD_stat_muon_16_bin_4=0.586286, QCD_stat_muon_16_bin_5=-0.42361, VBS_stat_ele_16_bin_1=-1.55149, VBS_stat_ele_16_bin_2=-2.37311, VBS_stat_ele_16_bin_3=0.514569, VBS_stat_ele_16_bin_4=-0.4638, VBS_stat_ele_16_bin_5=2.00112, VBS_stat_muon_16_bin_1=0.482701, VBS_stat_muon_16_bin_2=1.56116, VBS_stat_muon_16_bin_3=2.33174, VBS_stat_muon_16_bin_4=0.813621, VBS_stat_muon_16_bin_5=2.89134, ele16_efficiency=-0.742562, ele16_trigger=-0.883661, fake_ele_16=-6.10679, fake_muon_16=6.98563, interference=0.505564, l1prefiring=0.199058, lumi=2.12204, mu16_efficiency=-0.0196044, mu16_trigger=2.5936, non_prompt_stat_ele_16_bin_1=1.25027, non_prompt_stat_ele_16_bin_2=-0.236018, non_prompt_stat_muon_16_bin_1=2.3687, non_prompt_stat_muon_16_bin_2=1.30027, others_stat_ele_16_bin_1=0.0484692, others_stat_ele_16_bin_2=0.288192, others_stat_ele_16_bin_3=-0.930924, others_stat_muon_16_bin_1=-0.794573, others_xs=-1.31505, param=0.0166212, photon_id_16=2.28839, pileup=-2.7195, signal_pdf=1.73406, signal_scale=0.371742
RooProdPdf::model_s[ modelObs_s * nuisancePdf ]
     getLogVal() top-level p.d.f evaluates to zero @ !pdfs=(modelObs_s = 0/1,nuisancePdf = 1)

[#0] WARNING:Minization -- RooMinimizerFcn: Minimized function has error status.
Returning maximum FCN so far (793.822) to force MIGRAD to back out of this region. Error log follows
Parameter values: JER_16=4.30115, JES_16=6.99901, QCDZA_pdf=-0.305997, QCDZA_scale=4.4632, QCD_stat_ele_16_bin_1=1.58523, QCD_stat_ele_16_bin_2=-0.311913, QCD_stat_ele_16_bin_3=-0.950486, QCD_stat_ele_16_bin_4=-0.779187, QCD_stat_ele_16_bin_5=-1.00285, QCD_stat_muon_16_bin_1=2.4693, QCD_stat_muon_16_bin_2=0.825065, QCD_stat_muon_16_bin_3=-1.09147, QCD_stat_muon_16_bin_4=0.39264, QCD_stat_muon_16_bin_5=-0.315517, VBS_stat_ele_16_bin_1=-1.05531, VBS_stat_ele_16_bin_2=-2.27289, VBS_stat_ele_16_bin_3=0.35548, VBS_stat_ele_16_bin_4=-0.507711, VBS_stat_ele_16_bin_5=1.17972, VBS_stat_muon_16_bin_1=0.263808, VBS_stat_muon_16_bin_2=1.49727, VBS_stat_muon_16_bin_3=2.22616, VBS_stat_muon_16_bin_4=0.800743, VBS_stat_muon_16_bin_5=2.10834, ele16_efficiency=0.574448, ele16_trigger=0.257596, fake_ele_16=3.41284, fake_muon_16=5.33121, interference=0.34676, l1prefiring=0.330174, lumi=2.49709, mu16_efficiency=-0.243983, mu16_trigger=1.8497, non_prompt_stat_ele_16_bin_1=2.52727, non_prompt_stat_ele_16_bin_2=-0.0960293, non_prompt_stat_muon_16_bin_1=1.74934, non_prompt_stat_muon_16_bin_2=1.24979, others_stat_ele_16_bin_1=0.759818, others_stat_ele_16_bin_2=0.447885, others_stat_ele_16_bin_3=-0.964592, others_stat_muon_16_bin_1=-0.906828, others_xs=-1.17041, param=0.0231372, photon_id_16=2.72534, pileup=-2.70081, signal_pdf=1.33573, signal_scale=-0.0246802
RooProdPdf::model_s[ modelObs_s * nuisancePdf ]
     getLogVal() top-level p.d.f evaluates to zero @ !pdfs=(modelObs_s = 0/1,nuisancePdf = 1)

[#0] WARNING:Minization -- RooMinimizerFcn: Minimized function has error status.
Returning maximum FCN so far (793.822) to force MIGRAD to back out of this region. Error log follows
Parameter values: JER_16=4.60228, JES_16=6.71797, QCDZA_pdf=-0.225503, QCDZA_scale=5.06105, QCD_stat_ele_16_bin_1=1.77628, QCD_stat_ele_16_bin_2=-0.184513, QCD_stat_ele_16_bin_3=-0.978635, QCD_stat_ele_16_bin_4=-0.76824, QCD_stat_ele_16_bin_5=-0.990466, QCD_stat_muon_16_bin_1=2.89138, QCD_stat_muon_16_bin_2=1.04345, QCD_stat_muon_16_bin_3=-1.11817, QCD_stat_muon_16_bin_4=0.380649, QCD_stat_muon_16_bin_5=-0.285329, VBS_stat_ele_16_bin_1=-1.02116, VBS_stat_ele_16_bin_2=-2.24434, VBS_stat_ele_16_bin_3=0.334313, VBS_stat_ele_16_bin_4=-0.508018, VBS_stat_ele_16_bin_5=1.03834, VBS_stat_muon_16_bin_1=0.355332, VBS_stat_muon_16_bin_2=1.51951, VBS_stat_muon_16_bin_3=2.18791, VBS_stat_muon_16_bin_4=0.794512, VBS_stat_muon_16_bin_5=1.97464, ele16_efficiency=0.611257, ele16_trigger=0.291898, fake_ele_16=3.80669, fake_muon_16=6.05232, interference=0.340821, l1prefiring=0.405982, lumi=2.6617, mu16_efficiency=-0.21133, mu16_trigger=1.95126, non_prompt_stat_ele_16_bin_1=2.55756, non_prompt_stat_ele_16_bin_2=-0.0863826, non_prompt_stat_muon_16_bin_1=2.07266, non_prompt_stat_muon_16_bin_2=1.32084, others_stat_ele_16_bin_1=0.790608, others_stat_ele_16_bin_2=0.452588, others_stat_ele_16_bin_3=-0.957843, others_stat_muon_16_bin_1=-0.861789, others_xs=-1.14458, param=0.0117752, photon_id_16=2.92181, pileup=-2.6642, signal_pdf=1.27997, signal_scale=-0.00862242
RooProdPdf::model_s[ modelObs_s * nuisancePdf ]
     getLogVal() top-level p.d.f evaluates to zero @ !pdfs=(modelObs_s = 0/1,nuisancePdf = 1)

[#0] WARNING:Minization -- RooMinimizerFcn: Minimized function has error status.
Returning maximum FCN so far (793.822) to force MIGRAD to back out of this region. Error log follows
Parameter values: JER_16=5.57888, JES_16=3.78066, QCDZA_pdf=-0.024558, QCDZA_scale=6.23158, QCD_stat_ele_16_bin_1=2.42354, QCD_stat_ele_16_bin_2=0.116281, QCD_stat_ele_16_bin_3=-0.952303, QCD_stat_ele_16_bin_4=-0.728743, QCD_stat_ele_16_bin_5=-0.967021, QCD_stat_muon_16_bin_1=3.72941, QCD_stat_muon_16_bin_2=1.49122, QCD_stat_muon_16_bin_3=-1.06794, QCD_stat_muon_16_bin_4=0.466865, QCD_stat_muon_16_bin_5=-0.178707, VBS_stat_ele_16_bin_1=-0.941989, VBS_stat_ele_16_bin_2=-2.21228, VBS_stat_ele_16_bin_3=0.364178, VBS_stat_ele_16_bin_4=-0.502784, VBS_stat_ele_16_bin_5=1.01227, VBS_stat_muon_16_bin_1=0.507393, VBS_stat_muon_16_bin_2=1.59059, VBS_stat_muon_16_bin_3=2.1913, VBS_stat_muon_16_bin_4=0.813973, VBS_stat_muon_16_bin_5=1.94913, ele16_efficiency=0.817728, ele16_trigger=0.47303, fake_ele_16=4.92815, fake_muon_16=6.9147, interference=0.397504, l1prefiring=0.65905, lumi=3.21962, mu16_efficiency=-0.128765, mu16_trigger=2.2505, non_prompt_stat_ele_16_bin_1=2.72784, non_prompt_stat_ele_16_bin_2=-0.0690343, non_prompt_stat_muon_16_bin_1=2.58096, non_prompt_stat_muon_16_bin_2=1.45895, others_stat_ele_16_bin_1=0.880753, others_stat_ele_16_bin_2=0.476516, others_stat_ele_16_bin_3=-0.94986, others_stat_muon_16_bin_1=-0.795665, others_xs=-1.10406, param=0.0086175, photon_id_16=3.57567, pileup=-2.62995, signal_pdf=1.32888, signal_scale=0.199296
RooProdPdf::model_s[ modelObs_s * nuisancePdf ]
     getLogVal() top-level p.d.f evaluates to zero @ !pdfs=(modelObs_s = 0/1,nuisancePdf = 1)

[#0] WARNING:Minization -- RooMinimizerFcn: Minimized function has error status.
Returning maximum FCN so far (793.822) to force MIGRAD to back out of this region. Error log follows
Parameter values: JER_16=4.44708, JES_16=6.79627, QCDZA_pdf=-0.225038, QCDZA_scale=4.97361, QCD_stat_ele_16_bin_1=1.72745, QCD_stat_ele_16_bin_2=-0.184799, QCD_stat_ele_16_bin_3=-0.970404, QCD_stat_ele_16_bin_4=-0.756369, QCD_stat_ele_16_bin_5=-0.973622, QCD_stat_muon_16_bin_1=2.83461, QCD_stat_muon_16_bin_2=1.02349, QCD_stat_muon_16_bin_3=-1.11149, QCD_stat_muon_16_bin_4=0.364126, QCD_stat_muon_16_bin_5=-0.285667, VBS_stat_ele_16_bin_1=-1.00211, VBS_stat_ele_16_bin_2=-2.20199, VBS_stat_ele_16_bin_3=0.321615, VBS_stat_ele_16_bin_4=-0.499949, VBS_stat_ele_16_bin_5=0.946479, VBS_stat_muon_16_bin_1=0.35338, VBS_stat_muon_16_bin_2=1.4897, VBS_stat_muon_16_bin_3=2.13885, VBS_stat_muon_16_bin_4=0.776927, VBS_stat_muon_16_bin_5=1.78991, ele16_efficiency=0.585079, ele16_trigger=0.273759, fake_ele_16=3.71622, fake_muon_16=5.99619, interference=0.317876, l1prefiring=0.379078, lumi=2.57053, mu16_efficiency=-0.213459, mu16_trigger=1.89044, non_prompt_stat_ele_16_bin_1=2.50538, non_prompt_stat_ele_16_bin_2=-0.0841861, non_prompt_stat_muon_16_bin_1=2.05382, non_prompt_stat_muon_16_bin_2=1.29959, others_stat_ele_16_bin_1=0.776068, others_stat_ele_16_bin_2=0.443706, others_stat_ele_16_bin_3=-0.93963, others_stat_muon_16_bin_1=-0.843731, others_xs=-1.12204, param=0.0152426, photon_id_16=2.81967, pileup=-2.61411, signal_pdf=1.21096, signal_scale=-0.0441945
RooProdPdf::model_s[ modelObs_s * nuisancePdf ]
     getLogVal() top-level p.d.f evaluates to zero @ !pdfs=(modelObs_s = 0/1,nuisancePdf = 1)


 -- Hybrid New -- 
CLs = 0 +/- 0
Done in 14.14 min (cpu), 14.19 min (real)
