 <<< Combine >>> 
>>> including systematics
>>> using the Profile Likelihood test statistics modified for upper limits (Q_LHC)
>>> method used is HybridNew
>>> Used OpenSSL to get a really random seed 1449948615
Computing results starting from observation (a-posteriori)

 -- Hybrid New -- 
CLs = 0.116667 +/- 0.0164711
Done in 8.87 min (cpu), 8.88 min (real)
