 <<< Combine >>> 
>>> including systematics
>>> using the Profile Likelihood test statistics modified for upper limits (Q_LHC)
>>> method used is HybridNew
>>> Used OpenSSL to get a really random seed 93237914
Computing results starting from observation (a-posteriori)

 -- Hybrid New -- 
CLs = 0 +/- 0
Done in 8.84 min (cpu), 8.84 min (real)
