 <<< Combine >>> 
>>> including systematics
>>> using the Profile Likelihood test statistics modified for upper limits (Q_LHC)
>>> method used is HybridNew
>>> Used OpenSSL to get a really random seed -1388576696
Computing results starting from observation (a-posteriori)

 -- Hybrid New -- 
CLs = 0.00301205 +/- 0.00301513
Done in 12.69 min (cpu), 12.70 min (real)
