 <<< Combine >>> 
>>> including systematics
>>> using the Profile Likelihood test statistics not modified for upper limits (Q_Profile)
>>> method used is HybridNew
>>> Used OpenSSL to get a really random seed 1952000960
Computing results starting from observation (a-posteriori)

 -- Hybrid New -- 
CLsplusb = 0.05 +/- 0.0217945
Done in 0.59 min (cpu), 0.60 min (real)
