 <<< Combine >>> 
>>> including systematics
>>> using the Profile Likelihood test statistics modified for upper limits (Q_LHC)
>>> method used is HybridNew
>>> Used OpenSSL to get a really random seed 584811702
Computing results starting from observation (a-posteriori)

 -- Hybrid New -- 
CLs = 0.289894 +/- 0.0287165
Done in 10.08 min (cpu), 10.09 min (real)
