 <<< Combine >>> 
>>> including systematics
>>> using the Profile Likelihood test statistics modified for upper limits (Q_LHC)
>>> method used is HybridNew
>>> Used OpenSSL to get a really random seed -97421720
Computing results starting from observation (a-posteriori)

 -- Hybrid New -- 
CLs = 0.176471 +/- 0.0206499
Done in 7.75 min (cpu), 7.76 min (real)
