 <<< Combine >>> 
>>> including systematics
>>> using the Profile Likelihood test statistics not modified for upper limits (Q_Profile)
>>> method used is HybridNew
>>> Used OpenSSL to get a really random seed 1156683482
Computing results starting from observation (a-posteriori)

 -- Hybrid New -- 
CLsplusb = 0.534 +/- 0.0223089
Done in 14.79 min (cpu), 15.17 min (real)
