 <<< Combine >>> 
>>> including systematics
>>> using the Profile Likelihood test statistics not modified for upper limits (Q_Profile)
>>> method used is HybridNew
>>> Used OpenSSL to get a really random seed -1797998997
Computing results starting from observation (a-posteriori)

 -- Hybrid New -- 
CLsplusb = 0.41 +/- 0.0219955
Done in 9.10 min (cpu), 9.12 min (real)
